<html>
<body>
<pre>
<h1>µVision Build Log</h1>
<h2>Tool Versions:</h2>
IDE-Version: ¦ÌVision V5.14.0.0
Copyright (C) 2015 ARM Ltd and ARM Germany GmbH. All rights reserved.
License Information: 1 1, 11, LIC=65ISZ-J8GB9-Y8JFK-ZYA53-GK9DT-6VB33
 
Tool Versions:
Toolchain:       MDK-ARM Standard  Version: 5.14.0.0
Toolchain Path:  D:\Programs\Keil_v5\ARM\ARMCC\Bin
C Compiler:      Armcc.exe V5.05 update 1 (build 106)
Assembler:       Armasm.exe V5.05 update 1 (build 106)
Linker/Locator:  ArmLink.exe V5.05 update 1 (build 106)
Library Manager: ArmAr.exe V5.05 update 1 (build 106)
Hex Converter:   FromElf.exe V5.05 update 1 (build 106)
CPU DLL:         SARMCM3.DLL V5.14.0.0
Dialog DLL:      DCM.DLL V1.13.1.0
Target DLL:      STLink\ST-LINKIII-KEIL_SWO.dll V2.0.6.0_KEIL
Dialog DLL:      TCM.DLL V1.14.4.0
 
<h2>Project:</h2>
D:\Learning\STM32\HardwareDesign\Project\RVMDK£¨uv5£©\BH-F103.uvprojx
Project File Date:  06/21/2022

<h2>Output:</h2>
Build target 'HC05'
assembling startup_stm32f10x_hd.s...
compiling core_cm3.c...
compiling system_stm32f10x.c...
compiling misc.c...
compiling stm32f10x_adc.c...
compiling stm32f10x_bkp.c...
compiling stm32f10x_can.c...
compiling stm32f10x_cec.c...
compiling stm32f10x_crc.c...
compiling stm32f10x_dac.c...
compiling stm32f10x_dbgmcu.c...
compiling stm32f10x_dma.c...
compiling stm32f10x_exti.c...
compiling stm32f10x_flash.c...
compiling stm32f10x_fsmc.c...
compiling stm32f10x_gpio.c...
compiling stm32f10x_i2c.c...
compiling stm32f10x_iwdg.c...
compiling stm32f10x_pwr.c...
compiling stm32f10x_rcc.c...
compiling stm32f10x_rtc.c...
compiling stm32f10x_sdio.c...
compiling stm32f10x_spi.c...
compiling stm32f10x_tim.c...
compiling stm32f10x_usart.c...
compiling stm32f10x_wwdg.c...
compiling main.c...
..\..\User\letters.h(248): warning:  #1-D: last line of file ends without a newline
  int size6 = 35 * 16;
..\..\User\main.c: 1 warning, 0 errors
compiling stm32f10x_it.c...
compiling bsp_SysTick.c...
compiling bsp_hc05.c...
compiling bsp_led.c...
compiling bsp_key.c...
compiling bsp_ili9341_lcd.c...
compiling fonts.c...
compiling bsp_usart.c...
compiling bsp_usart_blt.c...
compiling core_delay.c...
linking...
Program Size: Code=15066 RO-data=15778 RW-data=9796 ZI-data=8412  
FromELF: creating hex file...
"..\..\Output\HC05.axf" - 0 Error(s), 1 Warning(s).

<h2>Collection of Component include folders:</h2>
  D:\Learning\STM32\HardwareDesign\Project\RVMDK£¨uv5£©\RTE
  D:\Programs\Keil_v5\ARM\PACK\Keil\STM32F1xx_DFP\2.2.0

<h2>Collection of Component Files used:</h2>
</pre>
</body>
</html>
