Component: ARM Compiler 5.05 update 1 (build 106) Tool: armlink [4d0efa]

==============================================================================

Section Cross References

    startup_stm32f10x_hd.o(RESET) refers to startup_stm32f10x_hd.o(STACK) for __initial_sp
    startup_stm32f10x_hd.o(RESET) refers to startup_stm32f10x_hd.o(.text) for Reset_Handler
    startup_stm32f10x_hd.o(RESET) refers to stm32f10x_it.o(.text) for NMI_Handler
    startup_stm32f10x_hd.o(.text) refers to system_stm32f10x.o(.text) for SystemInit
    startup_stm32f10x_hd.o(.text) refers to entry.o(.ARM.Collect$$$$00000000) for __main
    system_stm32f10x.o(.text) refers to system_stm32f10x.o(.data) for SystemCoreClock
    stm32f10x_adc.o(.text) refers to stm32f10x_rcc.o(.text) for RCC_APB2PeriphResetCmd
    stm32f10x_bkp.o(.text) refers to stm32f10x_rcc.o(.text) for RCC_BackupResetCmd
    stm32f10x_can.o(.text) refers to stm32f10x_rcc.o(.text) for RCC_APB1PeriphResetCmd
    stm32f10x_cec.o(.text) refers to stm32f10x_rcc.o(.text) for RCC_APB1PeriphResetCmd
    stm32f10x_dac.o(.text) refers to stm32f10x_rcc.o(.text) for RCC_APB1PeriphResetCmd
    stm32f10x_gpio.o(.text) refers to stm32f10x_rcc.o(.text) for RCC_APB2PeriphResetCmd
    stm32f10x_i2c.o(.text) refers to stm32f10x_rcc.o(.text) for RCC_APB1PeriphResetCmd
    stm32f10x_pwr.o(.text) refers to stm32f10x_rcc.o(.text) for RCC_APB1PeriphResetCmd
    stm32f10x_rcc.o(.text) refers to stm32f10x_rcc.o(.data) for APBAHBPrescTable
    stm32f10x_spi.o(.text) refers to stm32f10x_rcc.o(.text) for RCC_APB2PeriphResetCmd
    stm32f10x_tim.o(.text) refers to stm32f10x_rcc.o(.text) for RCC_APB2PeriphResetCmd
    stm32f10x_usart.o(.text) refers to stm32f10x_rcc.o(.text) for RCC_APB2PeriphResetCmd
    stm32f10x_wwdg.o(.text) refers to stm32f10x_rcc.o(.text) for RCC_APB1PeriphResetCmd
    main.o(.text) refers to stm32f10x_gpio.o(.text) for GPIO_ReadInputDataBit
    main.o(.text) refers to bsp_usart_blt.o(.text) for get_rebuff
    main.o(.text) refers to bsp_hc05.o(.text) for get_line
    main.o(.text) refers to strcmp.o(.text) for strcmp
    main.o(.text) refers to printf3.o(i.__0printf$3) for __2printf
    main.o(.text) refers to bsp_ili9341_lcd.o(.text) for ILI9341_Clear
    main.o(.text) refers to printf3.o(i.__0sprintf$3) for __2sprintf
    main.o(.text) refers to core_delay.o(.text) for CPU_TS_TmrInit
    main.o(.text) refers to bsp_usart.o(.text) for USART_Config
    main.o(.text) refers to bsp_systick.o(.text) for SysTick_Init
    main.o(.text) refers to main.o(.bss) for linebuff
    main.o(.text) refers to bsp_ili9341_lcd.o(.data) for mode
    main.o(.text) refers to main.o(.data) for letters1
    main.o(.text) refers to fonts.o(.data) for Font8x16
    main.o(.text) refers to main.o(.conststring) for .conststring
    main.o(.text) refers to stm32f10x_it.o(.data) for hc05_inquery_connect
    main.o(.data) refers to main.o(.conststring) for .conststring
    stm32f10x_it.o(.text) refers to stm32f10x_usart.o(.text) for USART_GetITStatus
    stm32f10x_it.o(.text) refers to bsp_usart_blt.o(.text) for clean_rebuff
    stm32f10x_it.o(.text) refers to stm32f10x_it.o(.data) for Task_Delay_Group
    stm32f10x_it.o(.text) refers to bsp_usart_blt.o(.data) for uart_p
    stm32f10x_it.o(.text) refers to bsp_usart_blt.o(.bss) for uart_buff
    bsp_systick.o(.text) refers to system_stm32f10x.o(.data) for SystemCoreClock
    bsp_hc05.o(.text) refers to stm32f10x_rcc.o(.text) for RCC_APB2PeriphClockCmd
    bsp_hc05.o(.text) refers to stm32f10x_gpio.o(.text) for GPIO_Init
    bsp_hc05.o(.text) refers to bsp_usart_blt.o(.text) for BLT_USART_Config
    bsp_hc05.o(.text) refers to printf3.o(i.__0sprintf$3) for __2sprintf
    bsp_hc05.o(.text) refers to core_delay.o(.text) for CPU_TS_Tmr_Delay_US
    bsp_hc05.o(.text) refers to strstr.o(.text) for strstr
    bsp_hc05.o(.text) refers to strlen.o(.text) for strlen
    bsp_hc05.o(.text) refers to strncmp.o(.text) for strncmp
    bsp_hc05.o(.text) refers to strchr.o(.text) for strchr
    bsp_hc05.o(.text) refers to printf3.o(i.__0printf$3) for __2printf
    bsp_hc05.o(.text) refers to strcpy.o(.text) for strcpy
    bsp_hc05.o(.text) refers to strcmp.o(.text) for strcmp
    bsp_hc05.o(.text) refers to bsp_hc05.o(.bss) for bltDevList
    bsp_hc05.o(.text) refers to bsp_hc05.o(.conststring) for .conststring
    bsp_led.o(.text) refers to stm32f10x_rcc.o(.text) for RCC_APB2PeriphClockCmd
    bsp_led.o(.text) refers to stm32f10x_gpio.o(.text) for GPIO_Init
    bsp_key.o(.text) refers to stm32f10x_rcc.o(.text) for RCC_APB2PeriphClockCmd
    bsp_key.o(.text) refers to stm32f10x_gpio.o(.text) for GPIO_Init
    bsp_ili9341_lcd.o(.text) refers to stm32f10x_rcc.o(.text) for RCC_APB2PeriphClockCmd
    bsp_ili9341_lcd.o(.text) refers to stm32f10x_gpio.o(.text) for GPIO_Init
    bsp_ili9341_lcd.o(.text) refers to memseta.o(.text) for __aeabi_memclr4
    bsp_ili9341_lcd.o(.text) refers to stm32f10x_fsmc.o(.text) for FSMC_NORSRAMInit
    bsp_ili9341_lcd.o(.text) refers to bsp_ili9341_lcd.o(i.ILI9341_Write_Cmd) for ILI9341_Write_Cmd
    bsp_ili9341_lcd.o(.text) refers to bsp_ili9341_lcd.o(i.ILI9341_Read_Data) for ILI9341_Read_Data
    bsp_ili9341_lcd.o(.text) refers to bsp_ili9341_lcd.o(i.ILI9341_Write_Data) for ILI9341_Write_Data
    bsp_ili9341_lcd.o(.text) refers to bsp_ili9341_lcd.o(.data) for lcdid
    bsp_ili9341_lcd.o(.data) refers to fonts.o(.data) for Font8x16
    fonts.o(.data) refers to fonts.o(.constdata) for ASCII8x16_Table
    bsp_usart.o(.text) refers to stm32f10x_rcc.o(.text) for RCC_APB2PeriphClockCmd
    bsp_usart.o(.text) refers to stm32f10x_gpio.o(.text) for GPIO_Init
    bsp_usart.o(.text) refers to stm32f10x_usart.o(.text) for USART_Init
    bsp_usart_blt.o(.text) refers to misc.o(.text) for NVIC_PriorityGroupConfig
    bsp_usart_blt.o(.text) refers to stm32f10x_rcc.o(.text) for RCC_APB1PeriphClockCmd
    bsp_usart_blt.o(.text) refers to stm32f10x_gpio.o(.text) for GPIO_Init
    bsp_usart_blt.o(.text) refers to stm32f10x_usart.o(.text) for USART_Init
    bsp_usart_blt.o(.text) refers to bsp_usart_blt.o(.data) for uart_p
    bsp_usart_blt.o(.text) refers to bsp_usart_blt.o(.bss) for uart_buff
    core_delay.o(.text) refers to system_stm32f10x.o(.data) for SystemCoreClock
    entry.o(.ARM.Collect$$$$00000000) refers (Special) to entry10a.o(.ARM.Collect$$$$0000000D) for __rt_final_cpp
    entry.o(.ARM.Collect$$$$00000000) refers (Special) to entry11a.o(.ARM.Collect$$$$0000000F) for __rt_final_exit
    entry.o(.ARM.Collect$$$$00000000) refers (Special) to entry7b.o(.ARM.Collect$$$$00000008) for _main_clock
    entry.o(.ARM.Collect$$$$00000000) refers (Special) to entry8b.o(.ARM.Collect$$$$0000000A) for _main_cpp_init
    entry.o(.ARM.Collect$$$$00000000) refers (Special) to entry9a.o(.ARM.Collect$$$$0000000B) for _main_init
    entry.o(.ARM.Collect$$$$00000000) refers (Special) to entry5.o(.ARM.Collect$$$$00000004) for _main_scatterload
    entry.o(.ARM.Collect$$$$00000000) refers (Special) to entry2.o(.ARM.Collect$$$$00000001) for _main_stk
    printfb.o(i.__0fprintf$bare) refers to printfb.o(i._printf_core) for _printf_core
    printfb.o(i.__0fprintf$bare) refers to bsp_usart.o(.text) for fputc
    printfb.o(i.__0printf$bare) refers to printfb.o(i._printf_core) for _printf_core
    printfb.o(i.__0printf$bare) refers to bsp_usart.o(.text) for fputc
    printfb.o(i.__0printf$bare) refers to stdout.o(.data) for __stdout
    printfb.o(i.__0snprintf$bare) refers to printfb.o(i._printf_core) for _printf_core
    printfb.o(i.__0snprintf$bare) refers to printfb.o(i._snputc) for _snputc
    printfb.o(i.__0sprintf$bare) refers to printfb.o(i._printf_core) for _printf_core
    printfb.o(i.__0sprintf$bare) refers to printfb.o(i._sputc) for _sputc
    printfb.o(i.__0vfprintf$bare) refers to printfb.o(i._printf_core) for _printf_core
    printfb.o(i.__0vfprintf$bare) refers to bsp_usart.o(.text) for fputc
    printfb.o(i.__0vprintf$bare) refers to printfb.o(i._printf_core) for _printf_core
    printfb.o(i.__0vprintf$bare) refers to bsp_usart.o(.text) for fputc
    printfb.o(i.__0vprintf$bare) refers to stdout.o(.data) for __stdout
    printfb.o(i.__0vsnprintf$bare) refers to printfb.o(i._printf_core) for _printf_core
    printfb.o(i.__0vsnprintf$bare) refers to printfb.o(i._snputc) for _snputc
    printfb.o(i.__0vsprintf$bare) refers to printfb.o(i._printf_core) for _printf_core
    printfb.o(i.__0vsprintf$bare) refers to printfb.o(i._sputc) for _sputc
    printf0.o(i.__0fprintf$0) refers to printf0.o(i._printf_core) for _printf_core
    printf0.o(i.__0fprintf$0) refers to bsp_usart.o(.text) for fputc
    printf0.o(i.__0printf$0) refers to printf0.o(i._printf_core) for _printf_core
    printf0.o(i.__0printf$0) refers to bsp_usart.o(.text) for fputc
    printf0.o(i.__0printf$0) refers to stdout.o(.data) for __stdout
    printf0.o(i.__0snprintf$0) refers to printf0.o(i._printf_core) for _printf_core
    printf0.o(i.__0snprintf$0) refers to printf0.o(i._snputc) for _snputc
    printf0.o(i.__0sprintf$0) refers to printf0.o(i._printf_core) for _printf_core
    printf0.o(i.__0sprintf$0) refers to printf0.o(i._sputc) for _sputc
    printf0.o(i.__0vfprintf$0) refers to printf0.o(i._printf_core) for _printf_core
    printf0.o(i.__0vfprintf$0) refers to bsp_usart.o(.text) for fputc
    printf0.o(i.__0vprintf$0) refers to printf0.o(i._printf_core) for _printf_core
    printf0.o(i.__0vprintf$0) refers to bsp_usart.o(.text) for fputc
    printf0.o(i.__0vprintf$0) refers to stdout.o(.data) for __stdout
    printf0.o(i.__0vsnprintf$0) refers to printf0.o(i._printf_core) for _printf_core
    printf0.o(i.__0vsnprintf$0) refers to printf0.o(i._snputc) for _snputc
    printf0.o(i.__0vsprintf$0) refers to printf0.o(i._printf_core) for _printf_core
    printf0.o(i.__0vsprintf$0) refers to printf0.o(i._sputc) for _sputc
    printf1.o(i.__0fprintf$1) refers to printf1.o(i._printf_core) for _printf_core
    printf1.o(i.__0fprintf$1) refers to bsp_usart.o(.text) for fputc
    printf1.o(i.__0printf$1) refers to printf1.o(i._printf_core) for _printf_core
    printf1.o(i.__0printf$1) refers to bsp_usart.o(.text) for fputc
    printf1.o(i.__0printf$1) refers to stdout.o(.data) for __stdout
    printf1.o(i.__0snprintf$1) refers to printf1.o(i._printf_core) for _printf_core
    printf1.o(i.__0snprintf$1) refers to printf1.o(i._snputc) for _snputc
    printf1.o(i.__0sprintf$1) refers to printf1.o(i._printf_core) for _printf_core
    printf1.o(i.__0sprintf$1) refers to printf1.o(i._sputc) for _sputc
    printf1.o(i.__0vfprintf$1) refers to printf1.o(i._printf_core) for _printf_core
    printf1.o(i.__0vfprintf$1) refers to bsp_usart.o(.text) for fputc
    printf1.o(i.__0vprintf$1) refers to printf1.o(i._printf_core) for _printf_core
    printf1.o(i.__0vprintf$1) refers to bsp_usart.o(.text) for fputc
    printf1.o(i.__0vprintf$1) refers to stdout.o(.data) for __stdout
    printf1.o(i.__0vsnprintf$1) refers to printf1.o(i._printf_core) for _printf_core
    printf1.o(i.__0vsnprintf$1) refers to printf1.o(i._snputc) for _snputc
    printf1.o(i.__0vsprintf$1) refers to printf1.o(i._printf_core) for _printf_core
    printf1.o(i.__0vsprintf$1) refers to printf1.o(i._sputc) for _sputc
    printf1.o(i._printf_core) refers to uidiv.o(.text) for __aeabi_uidivmod
    printf2.o(i.__0fprintf$2) refers to printf2.o(i._printf_core) for _printf_core
    printf2.o(i.__0fprintf$2) refers to bsp_usart.o(.text) for fputc
    printf2.o(i.__0printf$2) refers to printf2.o(i._printf_core) for _printf_core
    printf2.o(i.__0printf$2) refers to bsp_usart.o(.text) for fputc
    printf2.o(i.__0printf$2) refers to stdout.o(.data) for __stdout
    printf2.o(i.__0snprintf$2) refers to printf2.o(i._printf_core) for _printf_core
    printf2.o(i.__0snprintf$2) refers to printf2.o(i._snputc) for _snputc
    printf2.o(i.__0sprintf$2) refers to printf2.o(i._printf_core) for _printf_core
    printf2.o(i.__0sprintf$2) refers to printf2.o(i._sputc) for _sputc
    printf2.o(i.__0vfprintf$2) refers to printf2.o(i._printf_core) for _printf_core
    printf2.o(i.__0vfprintf$2) refers to bsp_usart.o(.text) for fputc
    printf2.o(i.__0vprintf$2) refers to printf2.o(i._printf_core) for _printf_core
    printf2.o(i.__0vprintf$2) refers to bsp_usart.o(.text) for fputc
    printf2.o(i.__0vprintf$2) refers to stdout.o(.data) for __stdout
    printf2.o(i.__0vsnprintf$2) refers to printf2.o(i._printf_core) for _printf_core
    printf2.o(i.__0vsnprintf$2) refers to printf2.o(i._snputc) for _snputc
    printf2.o(i.__0vsprintf$2) refers to printf2.o(i._printf_core) for _printf_core
    printf2.o(i.__0vsprintf$2) refers to printf2.o(i._sputc) for _sputc
    printf3.o(i.__0fprintf$3) refers to printf3.o(i._printf_core) for _printf_core
    printf3.o(i.__0fprintf$3) refers to bsp_usart.o(.text) for fputc
    printf3.o(i.__0printf$3) refers to printf3.o(i._printf_core) for _printf_core
    printf3.o(i.__0printf$3) refers to bsp_usart.o(.text) for fputc
    printf3.o(i.__0printf$3) refers to stdout.o(.data) for __stdout
    printf3.o(i.__0snprintf$3) refers to printf3.o(i._printf_core) for _printf_core
    printf3.o(i.__0snprintf$3) refers to printf3.o(i._snputc) for _snputc
    printf3.o(i.__0sprintf$3) refers to printf3.o(i._printf_core) for _printf_core
    printf3.o(i.__0sprintf$3) refers to printf3.o(i._sputc) for _sputc
    printf3.o(i.__0vfprintf$3) refers to printf3.o(i._printf_core) for _printf_core
    printf3.o(i.__0vfprintf$3) refers to bsp_usart.o(.text) for fputc
    printf3.o(i.__0vprintf$3) refers to printf3.o(i._printf_core) for _printf_core
    printf3.o(i.__0vprintf$3) refers to bsp_usart.o(.text) for fputc
    printf3.o(i.__0vprintf$3) refers to stdout.o(.data) for __stdout
    printf3.o(i.__0vsnprintf$3) refers to printf3.o(i._printf_core) for _printf_core
    printf3.o(i.__0vsnprintf$3) refers to printf3.o(i._snputc) for _snputc
    printf3.o(i.__0vsprintf$3) refers to printf3.o(i._printf_core) for _printf_core
    printf3.o(i.__0vsprintf$3) refers to printf3.o(i._sputc) for _sputc
    printf3.o(i._printf_core) refers to uidiv.o(.text) for __aeabi_uidivmod
    printf4.o(i.__0fprintf$4) refers to printf4.o(i._printf_core) for _printf_core
    printf4.o(i.__0fprintf$4) refers to bsp_usart.o(.text) for fputc
    printf4.o(i.__0printf$4) refers to printf4.o(i._printf_core) for _printf_core
    printf4.o(i.__0printf$4) refers to bsp_usart.o(.text) for fputc
    printf4.o(i.__0printf$4) refers to stdout.o(.data) for __stdout
    printf4.o(i.__0snprintf$4) refers to printf4.o(i._printf_core) for _printf_core
    printf4.o(i.__0snprintf$4) refers to printf4.o(i._snputc) for _snputc
    printf4.o(i.__0sprintf$4) refers to printf4.o(i._printf_core) for _printf_core
    printf4.o(i.__0sprintf$4) refers to printf4.o(i._sputc) for _sputc
    printf4.o(i.__0vfprintf$4) refers to printf4.o(i._printf_core) for _printf_core
    printf4.o(i.__0vfprintf$4) refers to bsp_usart.o(.text) for fputc
    printf4.o(i.__0vprintf$4) refers to printf4.o(i._printf_core) for _printf_core
    printf4.o(i.__0vprintf$4) refers to bsp_usart.o(.text) for fputc
    printf4.o(i.__0vprintf$4) refers to stdout.o(.data) for __stdout
    printf4.o(i.__0vsnprintf$4) refers to printf4.o(i._printf_core) for _printf_core
    printf4.o(i.__0vsnprintf$4) refers to printf4.o(i._snputc) for _snputc
    printf4.o(i.__0vsprintf$4) refers to printf4.o(i._printf_core) for _printf_core
    printf4.o(i.__0vsprintf$4) refers to printf4.o(i._sputc) for _sputc
    printf4.o(i._printf_core) refers to uldiv.o(.text) for __aeabi_uldivmod
    printf5.o(i.__0fprintf$5) refers to printf5.o(i._printf_core) for _printf_core
    printf5.o(i.__0fprintf$5) refers to bsp_usart.o(.text) for fputc
    printf5.o(i.__0printf$5) refers to printf5.o(i._printf_core) for _printf_core
    printf5.o(i.__0printf$5) refers to bsp_usart.o(.text) for fputc
    printf5.o(i.__0printf$5) refers to stdout.o(.data) for __stdout
    printf5.o(i.__0snprintf$5) refers to printf5.o(i._printf_core) for _printf_core
    printf5.o(i.__0snprintf$5) refers to printf5.o(i._snputc) for _snputc
    printf5.o(i.__0sprintf$5) refers to printf5.o(i._printf_core) for _printf_core
    printf5.o(i.__0sprintf$5) refers to printf5.o(i._sputc) for _sputc
    printf5.o(i.__0vfprintf$5) refers to printf5.o(i._printf_core) for _printf_core
    printf5.o(i.__0vfprintf$5) refers to bsp_usart.o(.text) for fputc
    printf5.o(i.__0vprintf$5) refers to printf5.o(i._printf_core) for _printf_core
    printf5.o(i.__0vprintf$5) refers to bsp_usart.o(.text) for fputc
    printf5.o(i.__0vprintf$5) refers to stdout.o(.data) for __stdout
    printf5.o(i.__0vsnprintf$5) refers to printf5.o(i._printf_core) for _printf_core
    printf5.o(i.__0vsnprintf$5) refers to printf5.o(i._snputc) for _snputc
    printf5.o(i.__0vsprintf$5) refers to printf5.o(i._printf_core) for _printf_core
    printf5.o(i.__0vsprintf$5) refers to printf5.o(i._sputc) for _sputc
    printf5.o(i._printf_core) refers to uldiv.o(.text) for __aeabi_uldivmod
    printf6.o(i.__0fprintf$6) refers to printf6.o(i._printf_core) for _printf_core
    printf6.o(i.__0fprintf$6) refers to bsp_usart.o(.text) for fputc
    printf6.o(i.__0printf$6) refers to printf6.o(i._printf_core) for _printf_core
    printf6.o(i.__0printf$6) refers to bsp_usart.o(.text) for fputc
    printf6.o(i.__0printf$6) refers to stdout.o(.data) for __stdout
    printf6.o(i.__0snprintf$6) refers to printf6.o(i._printf_core) for _printf_core
    printf6.o(i.__0snprintf$6) refers to printf6.o(i._snputc) for _snputc
    printf6.o(i.__0sprintf$6) refers to printf6.o(i._printf_core) for _printf_core
    printf6.o(i.__0sprintf$6) refers to printf6.o(i._sputc) for _sputc
    printf6.o(i.__0vfprintf$6) refers to printf6.o(i._printf_core) for _printf_core
    printf6.o(i.__0vfprintf$6) refers to bsp_usart.o(.text) for fputc
    printf6.o(i.__0vprintf$6) refers to printf6.o(i._printf_core) for _printf_core
    printf6.o(i.__0vprintf$6) refers to bsp_usart.o(.text) for fputc
    printf6.o(i.__0vprintf$6) refers to stdout.o(.data) for __stdout
    printf6.o(i.__0vsnprintf$6) refers to printf6.o(i._printf_core) for _printf_core
    printf6.o(i.__0vsnprintf$6) refers to printf6.o(i._snputc) for _snputc
    printf6.o(i.__0vsprintf$6) refers to printf6.o(i._printf_core) for _printf_core
    printf6.o(i.__0vsprintf$6) refers to printf6.o(i._sputc) for _sputc
    printf6.o(i._printf_core) refers to printf6.o(i._printf_pre_padding) for _printf_pre_padding
    printf6.o(i._printf_core) refers to uidiv.o(.text) for __aeabi_uidivmod
    printf6.o(i._printf_core) refers to printf6.o(i._printf_post_padding) for _printf_post_padding
    printf7.o(i.__0fprintf$7) refers to printf7.o(i._printf_core) for _printf_core
    printf7.o(i.__0fprintf$7) refers to bsp_usart.o(.text) for fputc
    printf7.o(i.__0printf$7) refers to printf7.o(i._printf_core) for _printf_core
    printf7.o(i.__0printf$7) refers to bsp_usart.o(.text) for fputc
    printf7.o(i.__0printf$7) refers to stdout.o(.data) for __stdout
    printf7.o(i.__0snprintf$7) refers to printf7.o(i._printf_core) for _printf_core
    printf7.o(i.__0snprintf$7) refers to printf7.o(i._snputc) for _snputc
    printf7.o(i.__0sprintf$7) refers to printf7.o(i._printf_core) for _printf_core
    printf7.o(i.__0sprintf$7) refers to printf7.o(i._sputc) for _sputc
    printf7.o(i.__0vfprintf$7) refers to printf7.o(i._printf_core) for _printf_core
    printf7.o(i.__0vfprintf$7) refers to bsp_usart.o(.text) for fputc
    printf7.o(i.__0vprintf$7) refers to printf7.o(i._printf_core) for _printf_core
    printf7.o(i.__0vprintf$7) refers to bsp_usart.o(.text) for fputc
    printf7.o(i.__0vprintf$7) refers to stdout.o(.data) for __stdout
    printf7.o(i.__0vsnprintf$7) refers to printf7.o(i._printf_core) for _printf_core
    printf7.o(i.__0vsnprintf$7) refers to printf7.o(i._snputc) for _snputc
    printf7.o(i.__0vsprintf$7) refers to printf7.o(i._printf_core) for _printf_core
    printf7.o(i.__0vsprintf$7) refers to printf7.o(i._sputc) for _sputc
    printf7.o(i._printf_core) refers to printf7.o(i._printf_pre_padding) for _printf_pre_padding
    printf7.o(i._printf_core) refers to uldiv.o(.text) for __aeabi_uldivmod
    printf7.o(i._printf_core) refers to printf7.o(i._printf_post_padding) for _printf_post_padding
    printf8.o(i.__0fprintf$8) refers to printf8.o(i._printf_core) for _printf_core
    printf8.o(i.__0fprintf$8) refers to bsp_usart.o(.text) for fputc
    printf8.o(i.__0printf$8) refers to printf8.o(i._printf_core) for _printf_core
    printf8.o(i.__0printf$8) refers to bsp_usart.o(.text) for fputc
    printf8.o(i.__0printf$8) refers to stdout.o(.data) for __stdout
    printf8.o(i.__0snprintf$8) refers to printf8.o(i._printf_core) for _printf_core
    printf8.o(i.__0snprintf$8) refers to printf8.o(i._snputc) for _snputc
    printf8.o(i.__0sprintf$8) refers to printf8.o(i._printf_core) for _printf_core
    printf8.o(i.__0sprintf$8) refers to printf8.o(i._sputc) for _sputc
    printf8.o(i.__0vfprintf$8) refers to printf8.o(i._printf_core) for _printf_core
    printf8.o(i.__0vfprintf$8) refers to bsp_usart.o(.text) for fputc
    printf8.o(i.__0vprintf$8) refers to printf8.o(i._printf_core) for _printf_core
    printf8.o(i.__0vprintf$8) refers to bsp_usart.o(.text) for fputc
    printf8.o(i.__0vprintf$8) refers to stdout.o(.data) for __stdout
    printf8.o(i.__0vsnprintf$8) refers to printf8.o(i._printf_core) for _printf_core
    printf8.o(i.__0vsnprintf$8) refers to printf8.o(i._snputc) for _snputc
    printf8.o(i.__0vsprintf$8) refers to printf8.o(i._printf_core) for _printf_core
    printf8.o(i.__0vsprintf$8) refers to printf8.o(i._sputc) for _sputc
    printf8.o(i._printf_core) refers to printf8.o(i._printf_pre_padding) for _printf_pre_padding
    printf8.o(i._printf_core) refers to uldiv.o(.text) for __aeabi_uldivmod
    printf8.o(i._printf_core) refers to printf8.o(i._printf_post_padding) for _printf_post_padding
    printfa.o(i.__0fprintf) refers (Special) to iusefp.o(.text) for __I$use$fp
    printfa.o(i.__0fprintf) refers to printfa.o(i._printf_core) for _printf_core
    printfa.o(i.__0fprintf) refers to bsp_usart.o(.text) for fputc
    printfa.o(i.__0printf) refers (Special) to iusefp.o(.text) for __I$use$fp
    printfa.o(i.__0printf) refers to printfa.o(i._printf_core) for _printf_core
    printfa.o(i.__0printf) refers to bsp_usart.o(.text) for fputc
    printfa.o(i.__0printf) refers to stdout.o(.data) for __stdout
    printfa.o(i.__0snprintf) refers (Special) to iusefp.o(.text) for __I$use$fp
    printfa.o(i.__0snprintf) refers to printfa.o(i._printf_core) for _printf_core
    printfa.o(i.__0snprintf) refers to printfa.o(i._snputc) for _snputc
    printfa.o(i.__0sprintf) refers (Special) to iusefp.o(.text) for __I$use$fp
    printfa.o(i.__0sprintf) refers to printfa.o(i._printf_core) for _printf_core
    printfa.o(i.__0sprintf) refers to printfa.o(i._sputc) for _sputc
    printfa.o(i.__0vfprintf) refers (Special) to iusefp.o(.text) for __I$use$fp
    printfa.o(i.__0vfprintf) refers to printfa.o(i._printf_core) for _printf_core
    printfa.o(i.__0vfprintf) refers to bsp_usart.o(.text) for fputc
    printfa.o(i.__0vprintf) refers (Special) to iusefp.o(.text) for __I$use$fp
    printfa.o(i.__0vprintf) refers to printfa.o(i._printf_core) for _printf_core
    printfa.o(i.__0vprintf) refers to bsp_usart.o(.text) for fputc
    printfa.o(i.__0vprintf) refers to stdout.o(.data) for __stdout
    printfa.o(i.__0vsnprintf) refers (Special) to iusefp.o(.text) for __I$use$fp
    printfa.o(i.__0vsnprintf) refers to printfa.o(i._printf_core) for _printf_core
    printfa.o(i.__0vsnprintf) refers to printfa.o(i._snputc) for _snputc
    printfa.o(i.__0vsprintf) refers (Special) to iusefp.o(.text) for __I$use$fp
    printfa.o(i.__0vsprintf) refers to printfa.o(i._printf_core) for _printf_core
    printfa.o(i.__0vsprintf) refers to printfa.o(i._sputc) for _sputc
    printfa.o(i._fp_digits) refers (Special) to iusefp.o(.text) for __I$use$fp
    printfa.o(i._fp_digits) refers to dmul.o(.text) for __aeabi_dmul
    printfa.o(i._fp_digits) refers to ddiv.o(.text) for __aeabi_ddiv
    printfa.o(i._fp_digits) refers to cdrcmple.o(.text) for __aeabi_cdrcmple
    printfa.o(i._fp_digits) refers to dadd.o(.text) for __aeabi_dadd
    printfa.o(i._fp_digits) refers to dfixul.o(.text) for __aeabi_d2ulz
    printfa.o(i._fp_digits) refers to uldiv.o(.text) for __aeabi_uldivmod
    printfa.o(i._printf_core) refers (Special) to iusefp.o(.text) for __I$use$fp
    printfa.o(i._printf_core) refers to printfa.o(i._printf_pre_padding) for _printf_pre_padding
    printfa.o(i._printf_core) refers to uldiv.o(.text) for __aeabi_uldivmod
    printfa.o(i._printf_core) refers to printfa.o(i._printf_post_padding) for _printf_post_padding
    printfa.o(i._printf_core) refers to printfa.o(i._fp_digits) for _fp_digits
    printfa.o(i._printf_core) refers to uidiv.o(.text) for __aeabi_uidivmod
    printfa.o(i._printf_post_padding) refers (Special) to iusefp.o(.text) for __I$use$fp
    printfa.o(i._printf_pre_padding) refers (Special) to iusefp.o(.text) for __I$use$fp
    printfa.o(i._snputc) refers (Special) to iusefp.o(.text) for __I$use$fp
    printfa.o(i._sputc) refers (Special) to iusefp.o(.text) for __I$use$fp
    entry2.o(.ARM.Collect$$$$00000001) refers to entry2.o(.ARM.Collect$$$$00002712) for __lit__00000000
    entry2.o(.ARM.Collect$$$$00002712) refers to startup_stm32f10x_hd.o(STACK) for __initial_sp
    entry2.o(__vectab_stack_and_reset_area) refers to startup_stm32f10x_hd.o(STACK) for __initial_sp
    entry2.o(__vectab_stack_and_reset_area) refers to entry.o(.ARM.Collect$$$$00000000) for __main
    entry5.o(.ARM.Collect$$$$00000004) refers to init.o(.text) for __scatterload
    entry9a.o(.ARM.Collect$$$$0000000B) refers to main.o(.text) for main
    entry9b.o(.ARM.Collect$$$$0000000C) refers to main.o(.text) for main
    uldiv.o(.text) refers to llushr.o(.text) for __aeabi_llsr
    uldiv.o(.text) refers to llshl.o(.text) for __aeabi_llsl
    dadd.o(.text) refers to llshl.o(.text) for __aeabi_llsl
    dadd.o(.text) refers to llsshr.o(.text) for __aeabi_lasr
    dadd.o(.text) refers to depilogue.o(.text) for _double_epilogue
    dmul.o(.text) refers to depilogue.o(.text) for _double_epilogue
    ddiv.o(.text) refers to depilogue.o(.text) for _double_round
    dfixul.o(.text) refers to llushr.o(.text) for __aeabi_llsr
    dfixul.o(.text) refers to llshl.o(.text) for __aeabi_llsl
    init.o(.text) refers to entry5.o(.ARM.Collect$$$$00000004) for __main_after_scatterload
    depilogue.o(.text) refers to llshl.o(.text) for __aeabi_llsl
    depilogue.o(.text) refers to llushr.o(.text) for __aeabi_llsr


==============================================================================

Removing Unused input sections from the image.

    Removing startup_stm32f10x_hd.o(HEAP), (512 bytes).
    Removing core_cm3.o(.emb_text), (32 bytes).
    Removing stm32f10x_adc.o(.text), (1102 bytes).
    Removing stm32f10x_bkp.o(.text), (196 bytes).
    Removing stm32f10x_can.o(.text), (2544 bytes).
    Removing stm32f10x_cec.o(.text), (288 bytes).
    Removing stm32f10x_crc.o(.text), (72 bytes).
    Removing stm32f10x_dac.o(.text), (396 bytes).
    Removing stm32f10x_dbgmcu.o(.text), (48 bytes).
    Removing stm32f10x_dma.o(.text), (596 bytes).
    Removing stm32f10x_exti.o(.text), (284 bytes).
    Removing stm32f10x_flash.o(.text), (1468 bytes).
    Removing stm32f10x_i2c.o(.text), (1028 bytes).
    Removing stm32f10x_iwdg.o(.text), (64 bytes).
    Removing stm32f10x_pwr.o(.text), (204 bytes).
    Removing stm32f10x_rtc.o(.text), (328 bytes).
    Removing stm32f10x_sdio.o(.text), (468 bytes).
    Removing stm32f10x_spi.o(.text), (780 bytes).
    Removing stm32f10x_tim.o(.text), (3610 bytes).
    Removing stm32f10x_wwdg.o(.text), (136 bytes).
    Removing bsp_led.o(.text), (96 bytes).
    Removing bsp_key.o(.text), (104 bytes).
    Removing dadd.o(.text), (334 bytes).
    Removing dmul.o(.text), (228 bytes).
    Removing ddiv.o(.text), (222 bytes).
    Removing dfixul.o(.text), (48 bytes).
    Removing cdrcmple.o(.text), (48 bytes).
    Removing depilogue.o(.text), (186 bytes).

28 unused section(s) (total 15422 bytes) removed from the image.

==============================================================================

Image Symbol Table

    Local Symbols

    Symbol Name                              Value     Ov Type        Size  Object(Section)

    ../clib/../cmprslib/lz77c.c              0x00000000   Number         0  __dclz77c.o ABSOLUTE
    ../clib/microlib/division.c              0x00000000   Number         0  uidiv.o ABSOLUTE
    ../clib/microlib/division.c              0x00000000   Number         0  uldiv.o ABSOLUTE
    ../clib/microlib/init/entry.s            0x00000000   Number         0  entry.o ABSOLUTE
    ../clib/microlib/init/entry.s            0x00000000   Number         0  entry7b.o ABSOLUTE
    ../clib/microlib/init/entry.s            0x00000000   Number         0  entry8a.o ABSOLUTE
    ../clib/microlib/init/entry.s            0x00000000   Number         0  entry8b.o ABSOLUTE
    ../clib/microlib/init/entry.s            0x00000000   Number         0  entry9a.o ABSOLUTE
    ../clib/microlib/init/entry.s            0x00000000   Number         0  entry9b.o ABSOLUTE
    ../clib/microlib/init/entry.s            0x00000000   Number         0  entry10a.o ABSOLUTE
    ../clib/microlib/init/entry.s            0x00000000   Number         0  entry10b.o ABSOLUTE
    ../clib/microlib/init/entry.s            0x00000000   Number         0  entry11a.o ABSOLUTE
    ../clib/microlib/init/entry.s            0x00000000   Number         0  entry7a.o ABSOLUTE
    ../clib/microlib/init/entry.s            0x00000000   Number         0  entry11b.o ABSOLUTE
    ../clib/microlib/init/entry.s            0x00000000   Number         0  entry5.o ABSOLUTE
    ../clib/microlib/init/entry.s            0x00000000   Number         0  entry2.o ABSOLUTE
    ../clib/microlib/longlong.c              0x00000000   Number         0  llsshr.o ABSOLUTE
    ../clib/microlib/longlong.c              0x00000000   Number         0  llushr.o ABSOLUTE
    ../clib/microlib/longlong.c              0x00000000   Number         0  llshl.o ABSOLUTE
    ../clib/microlib/printf/printf.c         0x00000000   Number         0  printf8.o ABSOLUTE
    ../clib/microlib/printf/printf.c         0x00000000   Number         0  printfa.o ABSOLUTE
    ../clib/microlib/printf/printf.c         0x00000000   Number         0  printf3.o ABSOLUTE
    ../clib/microlib/printf/printf.c         0x00000000   Number         0  printf7.o ABSOLUTE
    ../clib/microlib/printf/printf.c         0x00000000   Number         0  printf4.o ABSOLUTE
    ../clib/microlib/printf/printf.c         0x00000000   Number         0  printf5.o ABSOLUTE
    ../clib/microlib/printf/printf.c         0x00000000   Number         0  printf6.o ABSOLUTE
    ../clib/microlib/printf/printf.c         0x00000000   Number         0  printf2.o ABSOLUTE
    ../clib/microlib/printf/printf.c         0x00000000   Number         0  printf1.o ABSOLUTE
    ../clib/microlib/printf/printf.c         0x00000000   Number         0  printf0.o ABSOLUTE
    ../clib/microlib/printf/printf.c         0x00000000   Number         0  printfb.o ABSOLUTE
    ../clib/microlib/printf/stubs.s          0x00000000   Number         0  stubs.o ABSOLUTE
    ../clib/microlib/stdio/streams.c         0x00000000   Number         0  stdout.o ABSOLUTE
    ../clib/microlib/string/memset.c         0x00000000   Number         0  memseta.o ABSOLUTE
    ../clib/microlib/string/strchr.c         0x00000000   Number         0  strchr.o ABSOLUTE
    ../clib/microlib/string/strcmp.c         0x00000000   Number         0  strcmp.o ABSOLUTE
    ../clib/microlib/string/strcpy.c         0x00000000   Number         0  strcpy.o ABSOLUTE
    ../clib/microlib/string/strlen.c         0x00000000   Number         0  strlen.o ABSOLUTE
    ../clib/microlib/string/strncmp.c        0x00000000   Number         0  strncmp.o ABSOLUTE
    ../clib/microlib/string/strstr.c         0x00000000   Number         0  strstr.o ABSOLUTE
    ../clib/microlib/stubs.s                 0x00000000   Number         0  iusefp.o ABSOLUTE
    ../fplib/microlib/fpadd.c                0x00000000   Number         0  dadd.o ABSOLUTE
    ../fplib/microlib/fpdiv.c                0x00000000   Number         0  ddiv.o ABSOLUTE
    ../fplib/microlib/fpepilogue.c           0x00000000   Number         0  depilogue.o ABSOLUTE
    ../fplib/microlib/fpfix.c                0x00000000   Number         0  dfixul.o ABSOLUTE
    ../fplib/microlib/fpmul.c                0x00000000   Number         0  dmul.o ABSOLUTE
    ..\..\Libraries\CMSIS\core_cm3.c         0x00000000   Number         0  core_cm3.o ABSOLUTE
    ..\..\Libraries\CMSIS\startup\startup_stm32f10x_hd.s 0x00000000   Number         0  startup_stm32f10x_hd.o ABSOLUTE
    ..\..\Libraries\CMSIS\system_stm32f10x.c 0x00000000   Number         0  system_stm32f10x.o ABSOLUTE
    ..\..\Libraries\FWlib\src\misc.c         0x00000000   Number         0  misc.o ABSOLUTE
    ..\..\Libraries\FWlib\src\stm32f10x_adc.c 0x00000000   Number         0  stm32f10x_adc.o ABSOLUTE
    ..\..\Libraries\FWlib\src\stm32f10x_bkp.c 0x00000000   Number         0  stm32f10x_bkp.o ABSOLUTE
    ..\..\Libraries\FWlib\src\stm32f10x_can.c 0x00000000   Number         0  stm32f10x_can.o ABSOLUTE
    ..\..\Libraries\FWlib\src\stm32f10x_cec.c 0x00000000   Number         0  stm32f10x_cec.o ABSOLUTE
    ..\..\Libraries\FWlib\src\stm32f10x_crc.c 0x00000000   Number         0  stm32f10x_crc.o ABSOLUTE
    ..\..\Libraries\FWlib\src\stm32f10x_dac.c 0x00000000   Number         0  stm32f10x_dac.o ABSOLUTE
    ..\..\Libraries\FWlib\src\stm32f10x_dbgmcu.c 0x00000000   Number         0  stm32f10x_dbgmcu.o ABSOLUTE
    ..\..\Libraries\FWlib\src\stm32f10x_dma.c 0x00000000   Number         0  stm32f10x_dma.o ABSOLUTE
    ..\..\Libraries\FWlib\src\stm32f10x_exti.c 0x00000000   Number         0  stm32f10x_exti.o ABSOLUTE
    ..\..\Libraries\FWlib\src\stm32f10x_flash.c 0x00000000   Number         0  stm32f10x_flash.o ABSOLUTE
    ..\..\Libraries\FWlib\src\stm32f10x_fsmc.c 0x00000000   Number         0  stm32f10x_fsmc.o ABSOLUTE
    ..\..\Libraries\FWlib\src\stm32f10x_gpio.c 0x00000000   Number         0  stm32f10x_gpio.o ABSOLUTE
    ..\..\Libraries\FWlib\src\stm32f10x_i2c.c 0x00000000   Number         0  stm32f10x_i2c.o ABSOLUTE
    ..\..\Libraries\FWlib\src\stm32f10x_iwdg.c 0x00000000   Number         0  stm32f10x_iwdg.o ABSOLUTE
    ..\..\Libraries\FWlib\src\stm32f10x_pwr.c 0x00000000   Number         0  stm32f10x_pwr.o ABSOLUTE
    ..\..\Libraries\FWlib\src\stm32f10x_rcc.c 0x00000000   Number         0  stm32f10x_rcc.o ABSOLUTE
    ..\..\Libraries\FWlib\src\stm32f10x_rtc.c 0x00000000   Number         0  stm32f10x_rtc.o ABSOLUTE
    ..\..\Libraries\FWlib\src\stm32f10x_sdio.c 0x00000000   Number         0  stm32f10x_sdio.o ABSOLUTE
    ..\..\Libraries\FWlib\src\stm32f10x_spi.c 0x00000000   Number         0  stm32f10x_spi.o ABSOLUTE
    ..\..\Libraries\FWlib\src\stm32f10x_tim.c 0x00000000   Number         0  stm32f10x_tim.o ABSOLUTE
    ..\..\Libraries\FWlib\src\stm32f10x_usart.c 0x00000000   Number         0  stm32f10x_usart.o ABSOLUTE
    ..\..\Libraries\FWlib\src\stm32f10x_wwdg.c 0x00000000   Number         0  stm32f10x_wwdg.o ABSOLUTE
    ..\..\User\Key\bsp_key.c                 0x00000000   Number         0  bsp_key.o ABSOLUTE
    ..\..\User\SysTick\bsp_SysTick.c         0x00000000   Number         0  bsp_systick.o ABSOLUTE
    ..\..\User\dwt_delay\core_delay.c        0x00000000   Number         0  core_delay.o ABSOLUTE
    ..\..\User\font\fonts.c                  0x00000000   Number         0  fonts.o ABSOLUTE
    ..\..\User\hc05\bsp_hc05.c               0x00000000   Number         0  bsp_hc05.o ABSOLUTE
    ..\..\User\lcd\bsp_ili9341_lcd.c         0x00000000   Number         0  bsp_ili9341_lcd.o ABSOLUTE
    ..\..\User\led\bsp_led.c                 0x00000000   Number         0  bsp_led.o ABSOLUTE
    ..\..\User\main.c                        0x00000000   Number         0  main.o ABSOLUTE
    ..\..\User\stm32f10x_it.c                0x00000000   Number         0  stm32f10x_it.o ABSOLUTE
    ..\..\User\usart\bsp_usart.c             0x00000000   Number         0  bsp_usart.o ABSOLUTE
    ..\..\User\usart\bsp_usart_blt.c         0x00000000   Number         0  bsp_usart_blt.o ABSOLUTE
    ..\\..\\Libraries\\CMSIS\\core_cm3.c     0x00000000   Number         0  core_cm3.o ABSOLUTE
    cdrcmple.s                               0x00000000   Number         0  cdrcmple.o ABSOLUTE
    dc.s                                     0x00000000   Number         0  dc.o ABSOLUTE
    handlers.s                               0x00000000   Number         0  handlers.o ABSOLUTE
    init.s                                   0x00000000   Number         0  init.o ABSOLUTE
    RESET                                    0x08000000   Section      304  startup_stm32f10x_hd.o(RESET)
    .ARM.Collect$$$$00000000                 0x08000130   Section        0  entry.o(.ARM.Collect$$$$00000000)
    .ARM.Collect$$$$00000001                 0x08000130   Section        4  entry2.o(.ARM.Collect$$$$00000001)
    .ARM.Collect$$$$00000004                 0x08000134   Section        4  entry5.o(.ARM.Collect$$$$00000004)
    .ARM.Collect$$$$00000008                 0x08000138   Section        0  entry7b.o(.ARM.Collect$$$$00000008)
    .ARM.Collect$$$$0000000A                 0x08000138   Section        0  entry8b.o(.ARM.Collect$$$$0000000A)
    .ARM.Collect$$$$0000000B                 0x08000138   Section        8  entry9a.o(.ARM.Collect$$$$0000000B)
    .ARM.Collect$$$$0000000D                 0x08000140   Section        0  entry10a.o(.ARM.Collect$$$$0000000D)
    .ARM.Collect$$$$0000000F                 0x08000140   Section        0  entry11a.o(.ARM.Collect$$$$0000000F)
    .ARM.Collect$$$$00002712                 0x08000140   Section        4  entry2.o(.ARM.Collect$$$$00002712)
    __lit__00000000                          0x08000140   Data           4  entry2.o(.ARM.Collect$$$$00002712)
    .text                                    0x08000144   Section       36  startup_stm32f10x_hd.o(.text)
    .text                                    0x08000168   Section        0  system_stm32f10x.o(.text)
    SetSysClockTo72                          0x08000169   Thumb Code   214  system_stm32f10x.o(.text)
    SetSysClock                              0x0800023f   Thumb Code     8  system_stm32f10x.o(.text)
    .text                                    0x08000348   Section        0  misc.o(.text)
    .text                                    0x08000424   Section        0  stm32f10x_fsmc.o(.text)
    .text                                    0x08000a30   Section        0  stm32f10x_gpio.o(.text)
    .text                                    0x08000d8c   Section        0  stm32f10x_rcc.o(.text)
    .text                                    0x08001130   Section        0  stm32f10x_usart.o(.text)
    .text                                    0x08001538   Section        0  main.o(.text)
    .text                                    0x08001908   Section        0  stm32f10x_it.o(.text)
    .text                                    0x080019c0   Section        0  bsp_systick.o(.text)
    .text                                    0x08001a38   Section        0  bsp_hc05.o(.text)
    HC05_GPIO_Config                         0x08001a39   Thumb Code    68  bsp_hc05.o(.text)
    .text                                    0x0800227c   Section        0  bsp_ili9341_lcd.o(.text)
    ILI9341_Delay                            0x0800227d   Thumb Code    18  bsp_ili9341_lcd.o(.text)
    ILI9341_GPIO_Config                      0x0800228f   Thumb Code   398  bsp_ili9341_lcd.o(.text)
    ILI9341_FSMC_Config                      0x0800241d   Thumb Code   110  bsp_ili9341_lcd.o(.text)
    ILI9341_REG_Config                       0x080024f7   Thumb Code  1106  bsp_ili9341_lcd.o(.text)
    ILI9341_SetCursor                        0x08002add   Thumb Code    20  bsp_ili9341_lcd.o(.text)
    ILI9341_FillColor                        0x08002af1   Thumb Code    32  bsp_ili9341_lcd.o(.text)
    ILI9341_Read_PixelData                   0x08002b83   Thumb Code    50  bsp_ili9341_lcd.o(.text)
    .text                                    0x080035d8   Section        0  bsp_usart.o(.text)
    .text                                    0x08003694   Section        0  bsp_usart_blt.o(.text)
    NVIC_Configuration                       0x08003695   Thumb Code    38  bsp_usart_blt.o(.text)
    Usart_SendByte                           0x08003747   Thumb Code    30  bsp_usart_blt.o(.text)
    .text                                    0x080037dc   Section        0  core_delay.o(.text)
    .text                                    0x08003858   Section        0  memseta.o(.text)
    .text                                    0x0800387c   Section        0  strstr.o(.text)
    .text                                    0x080038a0   Section        0  strchr.o(.text)
    .text                                    0x080038b4   Section        0  strlen.o(.text)
    .text                                    0x080038c2   Section        0  strcmp.o(.text)
    .text                                    0x080038de   Section        0  strcpy.o(.text)
    .text                                    0x080038f0   Section        0  strncmp.o(.text)
    .text                                    0x0800390e   Section        0  uidiv.o(.text)
    .text                                    0x0800393c   Section       36  init.o(.text)
    .text                                    0x08003960   Section        0  __dclz77c.o(.text)
    i.ILI9341_Read_Data                      0x080039c0   Section        0  bsp_ili9341_lcd.o(i.ILI9341_Read_Data)
    i.ILI9341_Write_Cmd                      0x080039cc   Section        0  bsp_ili9341_lcd.o(i.ILI9341_Write_Cmd)
    i.ILI9341_Write_Data                     0x080039d4   Section        0  bsp_ili9341_lcd.o(i.ILI9341_Write_Data)
    i.__0printf$3                            0x080039e0   Section        0  printf3.o(i.__0printf$3)
    i.__0sprintf$3                           0x08003a00   Section        0  printf3.o(i.__0sprintf$3)
    i.__scatterload_copy                     0x08003a28   Section       14  handlers.o(i.__scatterload_copy)
    i.__scatterload_null                     0x08003a36   Section        2  handlers.o(i.__scatterload_null)
    i.__scatterload_zeroinit                 0x08003a38   Section       14  handlers.o(i.__scatterload_zeroinit)
    i._printf_core                           0x08003a48   Section        0  printf3.o(i._printf_core)
    _printf_core                             0x08003a49   Thumb Code   436  printf3.o(i._printf_core)
    i._sputc                                 0x08003c00   Section        0  printf3.o(i._sputc)
    _sputc                                   0x08003c01   Thumb Code    10  printf3.o(i._sputc)
    .constdata                               0x08003c0a   Section    15200  fonts.o(.constdata)
    .conststring                             0x0800776c   Section      165  main.o(.conststring)
    .conststring                             0x08007814   Section       72  bsp_hc05.o(.conststring)
    .data                                    0x20000000   Section       20  system_stm32f10x.o(.data)
    .data                                    0x20000014   Section       20  stm32f10x_rcc.o(.data)
    APBAHBPrescTable                         0x20000014   Data          16  stm32f10x_rcc.o(.data)
    ADCPrescTable                            0x20000024   Data           4  stm32f10x_rcc.o(.data)
    .data                                    0x20000028   Section     9685  main.o(.data)
    testdata                                 0x200025fc   Data           1  main.o(.data)
    .data                                    0x20002600   Section       16  stm32f10x_it.o(.data)
    .data                                    0x20002610   Section       20  bsp_ili9341_lcd.o(.data)
    LCD_Currentfonts                         0x20002618   Data           4  bsp_ili9341_lcd.o(.data)
    CurrentTextColor                         0x2000261c   Data           2  bsp_ili9341_lcd.o(.data)
    CurrentBackColor                         0x2000261e   Data           2  bsp_ili9341_lcd.o(.data)
    .data                                    0x20002624   Section       24  fonts.o(.data)
    .data                                    0x2000263c   Section        2  bsp_usart_blt.o(.data)
    .data                                    0x20002640   Section        4  stdout.o(.data)
    .bss                                     0x20002644   Section     2288  main.o(.bss)
    .bss                                     0x20002f34   Section     1001  bsp_hc05.o(.bss)
    .bss                                     0x2000331d   Section     1024  bsp_usart_blt.o(.bss)
    STACK                                    0x20003720   Section     4096  startup_stm32f10x_hd.o(STACK)

    Global Symbols

    Symbol Name                              Value     Ov Type        Size  Object(Section)

    BuildAttributes$$THM_ISAv4$P$D$K$B$S$PE$A:L22UL41UL21$X:L11$S22US41US21$IEEE1$IW$USESV6$~STKCKD$USESV7$~SHL$OSPACE$ROPI$EBA8$MICROLIB$REQ8$PRES8$EABIv2 0x00000000   Number         0  anon$$obj.o ABSOLUTE
    __ARM_use_no_argv                        0x00000000   Number         0  main.o ABSOLUTE
    _printf_a                                0x00000000   Number         0  stubs.o ABSOLUTE
    _printf_c                                0x00000000   Number         0  stubs.o ABSOLUTE
    _printf_charcount                        0x00000000   Number         0  stubs.o ABSOLUTE
    _printf_d                                0x00000000   Number         0  stubs.o ABSOLUTE
    _printf_e                                0x00000000   Number         0  stubs.o ABSOLUTE
    _printf_f                                0x00000000   Number         0  stubs.o ABSOLUTE
    _printf_flags                            0x00000000   Number         0  stubs.o ABSOLUTE
    _printf_fp_dec                           0x00000000   Number         0  stubs.o ABSOLUTE
    _printf_fp_hex                           0x00000000   Number         0  stubs.o ABSOLUTE
    _printf_g                                0x00000000   Number         0  stubs.o ABSOLUTE
    _printf_i                                0x00000000   Number         0  stubs.o ABSOLUTE
    _printf_int_dec                          0x00000000   Number         0  stubs.o ABSOLUTE
    _printf_l                                0x00000000   Number         0  stubs.o ABSOLUTE
    _printf_lc                               0x00000000   Number         0  stubs.o ABSOLUTE
    _printf_ll                               0x00000000   Number         0  stubs.o ABSOLUTE
    _printf_lld                              0x00000000   Number         0  stubs.o ABSOLUTE
    _printf_lli                              0x00000000   Number         0  stubs.o ABSOLUTE
    _printf_llo                              0x00000000   Number         0  stubs.o ABSOLUTE
    _printf_llu                              0x00000000   Number         0  stubs.o ABSOLUTE
    _printf_llx                              0x00000000   Number         0  stubs.o ABSOLUTE
    _printf_longlong_dec                     0x00000000   Number         0  stubs.o ABSOLUTE
    _printf_longlong_hex                     0x00000000   Number         0  stubs.o ABSOLUTE
    _printf_longlong_oct                     0x00000000   Number         0  stubs.o ABSOLUTE
    _printf_ls                               0x00000000   Number         0  stubs.o ABSOLUTE
    _printf_mbtowc                           0x00000000   Number         0  stubs.o ABSOLUTE
    _printf_n                                0x00000000   Number         0  stubs.o ABSOLUTE
    _printf_o                                0x00000000   Number         0  stubs.o ABSOLUTE
    _printf_p                                0x00000000   Number         0  stubs.o ABSOLUTE
    _printf_percent                          0x00000000   Number         0  stubs.o ABSOLUTE
    _printf_pre_padding                      0x00000000   Number         0  stubs.o ABSOLUTE
    _printf_return_value                     0x00000000   Number         0  stubs.o ABSOLUTE
    _printf_s                                0x00000000   Number         0  stubs.o ABSOLUTE
    _printf_sizespec                         0x00000000   Number         0  stubs.o ABSOLUTE
    _printf_str                              0x00000000   Number         0  stubs.o ABSOLUTE
    _printf_truncate_signed                  0x00000000   Number         0  stubs.o ABSOLUTE
    _printf_truncate_unsigned                0x00000000   Number         0  stubs.o ABSOLUTE
    _printf_u                                0x00000000   Number         0  stubs.o ABSOLUTE
    _printf_wc                               0x00000000   Number         0  stubs.o ABSOLUTE
    _printf_wctomb                           0x00000000   Number         0  stubs.o ABSOLUTE
    _printf_widthprec                        0x00000000   Number         0  stubs.o ABSOLUTE
    _printf_x                                0x00000000   Number         0  stubs.o ABSOLUTE
    __cpp_initialize__aeabi_                  - Undefined Weak Reference
    __cxa_finalize                            - Undefined Weak Reference
    _clock_init                               - Undefined Weak Reference
    _microlib_exit                            - Undefined Weak Reference
    __Vectors_Size                           0x00000130   Number         0  startup_stm32f10x_hd.o ABSOLUTE
    __Vectors                                0x08000000   Data           4  startup_stm32f10x_hd.o(RESET)
    __Vectors_End                            0x08000130   Data           0  startup_stm32f10x_hd.o(RESET)
    __main                                   0x08000131   Thumb Code     0  entry.o(.ARM.Collect$$$$00000000)
    _main_stk                                0x08000131   Thumb Code     0  entry2.o(.ARM.Collect$$$$00000001)
    _main_scatterload                        0x08000135   Thumb Code     0  entry5.o(.ARM.Collect$$$$00000004)
    __main_after_scatterload                 0x08000139   Thumb Code     0  entry5.o(.ARM.Collect$$$$00000004)
    _main_clock                              0x08000139   Thumb Code     0  entry7b.o(.ARM.Collect$$$$00000008)
    _main_cpp_init                           0x08000139   Thumb Code     0  entry8b.o(.ARM.Collect$$$$0000000A)
    _main_init                               0x08000139   Thumb Code     0  entry9a.o(.ARM.Collect$$$$0000000B)
    __rt_final_cpp                           0x08000141   Thumb Code     0  entry10a.o(.ARM.Collect$$$$0000000D)
    __rt_final_exit                          0x08000141   Thumb Code     0  entry11a.o(.ARM.Collect$$$$0000000F)
    Reset_Handler                            0x08000145   Thumb Code     8  startup_stm32f10x_hd.o(.text)
    ADC1_2_IRQHandler                        0x0800015f   Thumb Code     0  startup_stm32f10x_hd.o(.text)
    ADC3_IRQHandler                          0x0800015f   Thumb Code     0  startup_stm32f10x_hd.o(.text)
    CAN1_RX1_IRQHandler                      0x0800015f   Thumb Code     0  startup_stm32f10x_hd.o(.text)
    CAN1_SCE_IRQHandler                      0x0800015f   Thumb Code     0  startup_stm32f10x_hd.o(.text)
    DMA1_Channel1_IRQHandler                 0x0800015f   Thumb Code     0  startup_stm32f10x_hd.o(.text)
    DMA1_Channel2_IRQHandler                 0x0800015f   Thumb Code     0  startup_stm32f10x_hd.o(.text)
    DMA1_Channel3_IRQHandler                 0x0800015f   Thumb Code     0  startup_stm32f10x_hd.o(.text)
    DMA1_Channel4_IRQHandler                 0x0800015f   Thumb Code     0  startup_stm32f10x_hd.o(.text)
    DMA1_Channel5_IRQHandler                 0x0800015f   Thumb Code     0  startup_stm32f10x_hd.o(.text)
    DMA1_Channel6_IRQHandler                 0x0800015f   Thumb Code     0  startup_stm32f10x_hd.o(.text)
    DMA1_Channel7_IRQHandler                 0x0800015f   Thumb Code     0  startup_stm32f10x_hd.o(.text)
    DMA2_Channel1_IRQHandler                 0x0800015f   Thumb Code     0  startup_stm32f10x_hd.o(.text)
    DMA2_Channel2_IRQHandler                 0x0800015f   Thumb Code     0  startup_stm32f10x_hd.o(.text)
    DMA2_Channel3_IRQHandler                 0x0800015f   Thumb Code     0  startup_stm32f10x_hd.o(.text)
    DMA2_Channel4_5_IRQHandler               0x0800015f   Thumb Code     0  startup_stm32f10x_hd.o(.text)
    EXTI0_IRQHandler                         0x0800015f   Thumb Code     0  startup_stm32f10x_hd.o(.text)
    EXTI15_10_IRQHandler                     0x0800015f   Thumb Code     0  startup_stm32f10x_hd.o(.text)
    EXTI1_IRQHandler                         0x0800015f   Thumb Code     0  startup_stm32f10x_hd.o(.text)
    EXTI2_IRQHandler                         0x0800015f   Thumb Code     0  startup_stm32f10x_hd.o(.text)
    EXTI3_IRQHandler                         0x0800015f   Thumb Code     0  startup_stm32f10x_hd.o(.text)
    EXTI4_IRQHandler                         0x0800015f   Thumb Code     0  startup_stm32f10x_hd.o(.text)
    EXTI9_5_IRQHandler                       0x0800015f   Thumb Code     0  startup_stm32f10x_hd.o(.text)
    FLASH_IRQHandler                         0x0800015f   Thumb Code     0  startup_stm32f10x_hd.o(.text)
    FSMC_IRQHandler                          0x0800015f   Thumb Code     0  startup_stm32f10x_hd.o(.text)
    I2C1_ER_IRQHandler                       0x0800015f   Thumb Code     0  startup_stm32f10x_hd.o(.text)
    I2C1_EV_IRQHandler                       0x0800015f   Thumb Code     0  startup_stm32f10x_hd.o(.text)
    I2C2_ER_IRQHandler                       0x0800015f   Thumb Code     0  startup_stm32f10x_hd.o(.text)
    I2C2_EV_IRQHandler                       0x0800015f   Thumb Code     0  startup_stm32f10x_hd.o(.text)
    PVD_IRQHandler                           0x0800015f   Thumb Code     0  startup_stm32f10x_hd.o(.text)
    RCC_IRQHandler                           0x0800015f   Thumb Code     0  startup_stm32f10x_hd.o(.text)
    RTCAlarm_IRQHandler                      0x0800015f   Thumb Code     0  startup_stm32f10x_hd.o(.text)
    RTC_IRQHandler                           0x0800015f   Thumb Code     0  startup_stm32f10x_hd.o(.text)
    SDIO_IRQHandler                          0x0800015f   Thumb Code     0  startup_stm32f10x_hd.o(.text)
    SPI1_IRQHandler                          0x0800015f   Thumb Code     0  startup_stm32f10x_hd.o(.text)
    SPI2_IRQHandler                          0x0800015f   Thumb Code     0  startup_stm32f10x_hd.o(.text)
    SPI3_IRQHandler                          0x0800015f   Thumb Code     0  startup_stm32f10x_hd.o(.text)
    TAMPER_IRQHandler                        0x0800015f   Thumb Code     0  startup_stm32f10x_hd.o(.text)
    TIM1_BRK_IRQHandler                      0x0800015f   Thumb Code     0  startup_stm32f10x_hd.o(.text)
    TIM1_CC_IRQHandler                       0x0800015f   Thumb Code     0  startup_stm32f10x_hd.o(.text)
    TIM1_TRG_COM_IRQHandler                  0x0800015f   Thumb Code     0  startup_stm32f10x_hd.o(.text)
    TIM1_UP_IRQHandler                       0x0800015f   Thumb Code     0  startup_stm32f10x_hd.o(.text)
    TIM2_IRQHandler                          0x0800015f   Thumb Code     0  startup_stm32f10x_hd.o(.text)
    TIM3_IRQHandler                          0x0800015f   Thumb Code     0  startup_stm32f10x_hd.o(.text)
    TIM4_IRQHandler                          0x0800015f   Thumb Code     0  startup_stm32f10x_hd.o(.text)
    TIM5_IRQHandler                          0x0800015f   Thumb Code     0  startup_stm32f10x_hd.o(.text)
    TIM6_IRQHandler                          0x0800015f   Thumb Code     0  startup_stm32f10x_hd.o(.text)
    TIM7_IRQHandler                          0x0800015f   Thumb Code     0  startup_stm32f10x_hd.o(.text)
    TIM8_BRK_IRQHandler                      0x0800015f   Thumb Code     0  startup_stm32f10x_hd.o(.text)
    TIM8_CC_IRQHandler                       0x0800015f   Thumb Code     0  startup_stm32f10x_hd.o(.text)
    TIM8_TRG_COM_IRQHandler                  0x0800015f   Thumb Code     0  startup_stm32f10x_hd.o(.text)
    TIM8_UP_IRQHandler                       0x0800015f   Thumb Code     0  startup_stm32f10x_hd.o(.text)
    UART4_IRQHandler                         0x0800015f   Thumb Code     0  startup_stm32f10x_hd.o(.text)
    UART5_IRQHandler                         0x0800015f   Thumb Code     0  startup_stm32f10x_hd.o(.text)
    USART1_IRQHandler                        0x0800015f   Thumb Code     0  startup_stm32f10x_hd.o(.text)
    USART3_IRQHandler                        0x0800015f   Thumb Code     0  startup_stm32f10x_hd.o(.text)
    USBWakeUp_IRQHandler                     0x0800015f   Thumb Code     0  startup_stm32f10x_hd.o(.text)
    USB_HP_CAN1_TX_IRQHandler                0x0800015f   Thumb Code     0  startup_stm32f10x_hd.o(.text)
    USB_LP_CAN1_RX0_IRQHandler               0x0800015f   Thumb Code     0  startup_stm32f10x_hd.o(.text)
    WWDG_IRQHandler                          0x0800015f   Thumb Code     0  startup_stm32f10x_hd.o(.text)
    SystemInit                               0x08000247   Thumb Code    78  system_stm32f10x.o(.text)
    SystemCoreClockUpdate                    0x08000295   Thumb Code   142  system_stm32f10x.o(.text)
    NVIC_PriorityGroupConfig                 0x08000349   Thumb Code    10  misc.o(.text)
    NVIC_Init                                0x08000353   Thumb Code   100  misc.o(.text)
    NVIC_SetVectorTable                      0x080003b7   Thumb Code    14  misc.o(.text)
    NVIC_SystemLPConfig                      0x080003c5   Thumb Code    34  misc.o(.text)
    SysTick_CLKSourceConfig                  0x080003e7   Thumb Code    40  misc.o(.text)
    FSMC_NORSRAMDeInit                       0x08000425   Thumb Code    54  stm32f10x_fsmc.o(.text)
    FSMC_NANDDeInit                          0x0800045b   Thumb Code    62  stm32f10x_fsmc.o(.text)
    FSMC_PCCARDDeInit                        0x08000499   Thumb Code    36  stm32f10x_fsmc.o(.text)
    FSMC_NORSRAMInit                         0x080004bd   Thumb Code   230  stm32f10x_fsmc.o(.text)
    FSMC_NANDInit                            0x080005a3   Thumb Code   132  stm32f10x_fsmc.o(.text)
    FSMC_PCCARDInit                          0x08000627   Thumb Code   130  stm32f10x_fsmc.o(.text)
    FSMC_NORSRAMStructInit                   0x080006a9   Thumb Code   114  stm32f10x_fsmc.o(.text)
    FSMC_NANDStructInit                      0x0800071b   Thumb Code    54  stm32f10x_fsmc.o(.text)
    FSMC_PCCARDStructInit                    0x08000751   Thumb Code    60  stm32f10x_fsmc.o(.text)
    FSMC_NORSRAMCmd                          0x0800078d   Thumb Code    46  stm32f10x_fsmc.o(.text)
    FSMC_NANDCmd                             0x080007bb   Thumb Code    86  stm32f10x_fsmc.o(.text)
    FSMC_PCCARDCmd                           0x08000811   Thumb Code    44  stm32f10x_fsmc.o(.text)
    FSMC_NANDECCCmd                          0x0800083d   Thumb Code    90  stm32f10x_fsmc.o(.text)
    FSMC_GetECC                              0x08000897   Thumb Code    24  stm32f10x_fsmc.o(.text)
    FSMC_ITConfig                            0x080008af   Thumb Code   128  stm32f10x_fsmc.o(.text)
    FSMC_GetFlagStatus                       0x0800092f   Thumb Code    54  stm32f10x_fsmc.o(.text)
    FSMC_ClearFlag                           0x08000965   Thumb Code    62  stm32f10x_fsmc.o(.text)
    FSMC_GetITStatus                         0x080009a3   Thumb Code    64  stm32f10x_fsmc.o(.text)
    FSMC_ClearITPendingBit                   0x080009e3   Thumb Code    68  stm32f10x_fsmc.o(.text)
    GPIO_DeInit                              0x08000a31   Thumb Code   172  stm32f10x_gpio.o(.text)
    GPIO_AFIODeInit                          0x08000add   Thumb Code    20  stm32f10x_gpio.o(.text)
    GPIO_Init                                0x08000af1   Thumb Code   278  stm32f10x_gpio.o(.text)
    GPIO_StructInit                          0x08000c07   Thumb Code    16  stm32f10x_gpio.o(.text)
    GPIO_ReadInputDataBit                    0x08000c17   Thumb Code    18  stm32f10x_gpio.o(.text)
    GPIO_ReadInputData                       0x08000c29   Thumb Code     8  stm32f10x_gpio.o(.text)
    GPIO_ReadOutputDataBit                   0x08000c31   Thumb Code    18  stm32f10x_gpio.o(.text)
    GPIO_ReadOutputData                      0x08000c43   Thumb Code     8  stm32f10x_gpio.o(.text)
    GPIO_SetBits                             0x08000c4b   Thumb Code     4  stm32f10x_gpio.o(.text)
    GPIO_ResetBits                           0x08000c4f   Thumb Code     4  stm32f10x_gpio.o(.text)
    GPIO_WriteBit                            0x08000c53   Thumb Code    10  stm32f10x_gpio.o(.text)
    GPIO_Write                               0x08000c5d   Thumb Code     4  stm32f10x_gpio.o(.text)
    GPIO_PinLockConfig                       0x08000c61   Thumb Code    18  stm32f10x_gpio.o(.text)
    GPIO_EventOutputConfig                   0x08000c73   Thumb Code    26  stm32f10x_gpio.o(.text)
    GPIO_EventOutputCmd                      0x08000c8d   Thumb Code     6  stm32f10x_gpio.o(.text)
    GPIO_PinRemapConfig                      0x08000c93   Thumb Code   138  stm32f10x_gpio.o(.text)
    GPIO_EXTILineConfig                      0x08000d1d   Thumb Code    66  stm32f10x_gpio.o(.text)
    GPIO_ETH_MediaInterfaceConfig            0x08000d5f   Thumb Code     8  stm32f10x_gpio.o(.text)
    RCC_DeInit                               0x08000d8d   Thumb Code    64  stm32f10x_rcc.o(.text)
    RCC_HSEConfig                            0x08000dcd   Thumb Code    70  stm32f10x_rcc.o(.text)
    RCC_GetFlagStatus                        0x08000e13   Thumb Code    56  stm32f10x_rcc.o(.text)
    RCC_WaitForHSEStartUp                    0x08000e4b   Thumb Code    56  stm32f10x_rcc.o(.text)
    RCC_AdjustHSICalibrationValue            0x08000e83   Thumb Code    20  stm32f10x_rcc.o(.text)
    RCC_HSICmd                               0x08000e97   Thumb Code     6  stm32f10x_rcc.o(.text)
    RCC_PLLConfig                            0x08000e9d   Thumb Code    24  stm32f10x_rcc.o(.text)
    RCC_PLLCmd                               0x08000eb5   Thumb Code     6  stm32f10x_rcc.o(.text)
    RCC_SYSCLKConfig                         0x08000ebb   Thumb Code    18  stm32f10x_rcc.o(.text)
    RCC_GetSYSCLKSource                      0x08000ecd   Thumb Code    10  stm32f10x_rcc.o(.text)
    RCC_HCLKConfig                           0x08000ed7   Thumb Code    18  stm32f10x_rcc.o(.text)
    RCC_PCLK1Config                          0x08000ee9   Thumb Code    18  stm32f10x_rcc.o(.text)
    RCC_PCLK2Config                          0x08000efb   Thumb Code    20  stm32f10x_rcc.o(.text)
    RCC_ITConfig                             0x08000f0f   Thumb Code    26  stm32f10x_rcc.o(.text)
    RCC_USBCLKConfig                         0x08000f29   Thumb Code     8  stm32f10x_rcc.o(.text)
    RCC_ADCCLKConfig                         0x08000f31   Thumb Code    18  stm32f10x_rcc.o(.text)
    RCC_LSEConfig                            0x08000f43   Thumb Code    50  stm32f10x_rcc.o(.text)
    RCC_LSICmd                               0x08000f75   Thumb Code     6  stm32f10x_rcc.o(.text)
    RCC_RTCCLKConfig                         0x08000f7b   Thumb Code    12  stm32f10x_rcc.o(.text)
    RCC_RTCCLKCmd                            0x08000f87   Thumb Code     8  stm32f10x_rcc.o(.text)
    RCC_GetClocksFreq                        0x08000f8f   Thumb Code   192  stm32f10x_rcc.o(.text)
    RCC_AHBPeriphClockCmd                    0x0800104f   Thumb Code    26  stm32f10x_rcc.o(.text)
    RCC_APB2PeriphClockCmd                   0x08001069   Thumb Code    26  stm32f10x_rcc.o(.text)
    RCC_APB1PeriphClockCmd                   0x08001083   Thumb Code    26  stm32f10x_rcc.o(.text)
    RCC_APB2PeriphResetCmd                   0x0800109d   Thumb Code    26  stm32f10x_rcc.o(.text)
    RCC_APB1PeriphResetCmd                   0x080010b7   Thumb Code    26  stm32f10x_rcc.o(.text)
    RCC_BackupResetCmd                       0x080010d1   Thumb Code     8  stm32f10x_rcc.o(.text)
    RCC_ClockSecuritySystemCmd               0x080010d9   Thumb Code     6  stm32f10x_rcc.o(.text)
    RCC_MCOConfig                            0x080010df   Thumb Code     6  stm32f10x_rcc.o(.text)
    RCC_ClearFlag                            0x080010e5   Thumb Code    14  stm32f10x_rcc.o(.text)
    RCC_GetITStatus                          0x080010f3   Thumb Code    20  stm32f10x_rcc.o(.text)
    RCC_ClearITPendingBit                    0x08001107   Thumb Code     6  stm32f10x_rcc.o(.text)
    USART_DeInit                             0x08001131   Thumb Code   134  stm32f10x_usart.o(.text)
    USART_Init                               0x080011b7   Thumb Code   210  stm32f10x_usart.o(.text)
    USART_StructInit                         0x08001289   Thumb Code    24  stm32f10x_usart.o(.text)
    USART_ClockInit                          0x080012a1   Thumb Code    34  stm32f10x_usart.o(.text)
    USART_ClockStructInit                    0x080012c3   Thumb Code    12  stm32f10x_usart.o(.text)
    USART_Cmd                                0x080012cf   Thumb Code    24  stm32f10x_usart.o(.text)
    USART_ITConfig                           0x080012e7   Thumb Code    74  stm32f10x_usart.o(.text)
    USART_DMACmd                             0x08001331   Thumb Code    18  stm32f10x_usart.o(.text)
    USART_SetAddress                         0x08001343   Thumb Code    18  stm32f10x_usart.o(.text)
    USART_WakeUpConfig                       0x08001355   Thumb Code    18  stm32f10x_usart.o(.text)
    USART_ReceiverWakeUpCmd                  0x08001367   Thumb Code    24  stm32f10x_usart.o(.text)
    USART_LINBreakDetectLengthConfig         0x0800137f   Thumb Code    18  stm32f10x_usart.o(.text)
    USART_LINCmd                             0x08001391   Thumb Code    24  stm32f10x_usart.o(.text)
    USART_SendData                           0x080013a9   Thumb Code     8  stm32f10x_usart.o(.text)
    USART_ReceiveData                        0x080013b1   Thumb Code    10  stm32f10x_usart.o(.text)
    USART_SendBreak                          0x080013bb   Thumb Code    10  stm32f10x_usart.o(.text)
    USART_SetGuardTime                       0x080013c5   Thumb Code    16  stm32f10x_usart.o(.text)
    USART_SetPrescaler                       0x080013d5   Thumb Code    16  stm32f10x_usart.o(.text)
    USART_SmartCardCmd                       0x080013e5   Thumb Code    24  stm32f10x_usart.o(.text)
    USART_SmartCardNACKCmd                   0x080013fd   Thumb Code    24  stm32f10x_usart.o(.text)
    USART_HalfDuplexCmd                      0x08001415   Thumb Code    24  stm32f10x_usart.o(.text)
    USART_OverSampling8Cmd                   0x0800142d   Thumb Code    22  stm32f10x_usart.o(.text)
    USART_OneBitMethodCmd                    0x08001443   Thumb Code    24  stm32f10x_usart.o(.text)
    USART_IrDAConfig                         0x0800145b   Thumb Code    18  stm32f10x_usart.o(.text)
    USART_IrDACmd                            0x0800146d   Thumb Code    24  stm32f10x_usart.o(.text)
    USART_GetFlagStatus                      0x08001485   Thumb Code    26  stm32f10x_usart.o(.text)
    USART_ClearFlag                          0x0800149f   Thumb Code    18  stm32f10x_usart.o(.text)
    USART_GetITStatus                        0x080014b1   Thumb Code    84  stm32f10x_usart.o(.text)
    USART_ClearITPendingBit                  0x08001505   Thumb Code    52  stm32f10x_usart.o(.text)
    CheckRecvBltBuff_Test                    0x08001539   Thumb Code   322  main.o(.text)
    CheckConnect_LinkHC05_Test               0x0800167b   Thumb Code    38  main.o(.text)
    main                                     0x080016a1   Thumb Code   188  main.o(.text)
    NMI_Handler                              0x08001909   Thumb Code     2  stm32f10x_it.o(.text)
    HardFault_Handler                        0x0800190b   Thumb Code     4  stm32f10x_it.o(.text)
    MemManage_Handler                        0x0800190f   Thumb Code     4  stm32f10x_it.o(.text)
    BusFault_Handler                         0x08001913   Thumb Code     4  stm32f10x_it.o(.text)
    UsageFault_Handler                       0x08001917   Thumb Code     4  stm32f10x_it.o(.text)
    SVC_Handler                              0x0800191b   Thumb Code     2  stm32f10x_it.o(.text)
    DebugMon_Handler                         0x0800191d   Thumb Code     2  stm32f10x_it.o(.text)
    PendSV_Handler                           0x0800191f   Thumb Code     2  stm32f10x_it.o(.text)
    SysTick_Handler                          0x08001921   Thumb Code    68  stm32f10x_it.o(.text)
    USART2_IRQHandler                        0x08001965   Thumb Code    66  stm32f10x_it.o(.text)
    SysTick_Init                             0x080019c1   Thumb Code   106  bsp_systick.o(.text)
    HC05_Init                                0x08001a7d   Thumb Code    72  bsp_hc05.o(.text)
    writeCommand                             0x08001ac5   Thumb Code    88  bsp_hc05.o(.text)
    HC05_Send_CMD                            0x08001b1d   Thumb Code   144  bsp_hc05.o(.text)
    HC05_Send_CMD_Wait                       0x08001bad   Thumb Code   132  bsp_hc05.o(.text)
    HC05_SendString                          0x08001c31   Thumb Code    14  bsp_hc05.o(.text)
    skipPrefix                               0x08001c3f   Thumb Code    54  bsp_hc05.o(.text)
    get_line                                 0x08001c75   Thumb Code    76  bsp_hc05.o(.text)
    rawReplaceChar                           0x08001cc1   Thumb Code    28  bsp_hc05.o(.text)
    parseBltAddr                             0x08001cdd   Thumb Code   336  bsp_hc05.o(.text)
    getRemoteDeviceName                      0x08001e2d   Thumb Code   462  bsp_hc05.o(.text)
    printBLTInfo                             0x08001ffb   Thumb Code    98  bsp_hc05.o(.text)
    linkHC05                                 0x0800205d   Thumb Code   140  bsp_hc05.o(.text)
    ILI9341_ReadID                           0x0800248b   Thumb Code   108  bsp_ili9341_lcd.o(.text)
    ILI9341_GramScan                         0x08002949   Thumb Code   208  bsp_ili9341_lcd.o(.text)
    ILI9341_Rst                              0x08002a19   Thumb Code    36  bsp_ili9341_lcd.o(.text)
    ILI9341_BackLed_Control                  0x08002a3d   Thumb Code    30  bsp_ili9341_lcd.o(.text)
    ILI9341_Init                             0x08002a5b   Thumb Code    34  bsp_ili9341_lcd.o(.text)
    ILI9341_OpenWindow                       0x08002a7d   Thumb Code    96  bsp_ili9341_lcd.o(.text)
    ILI9341_Clear                            0x08002b11   Thumb Code    72  bsp_ili9341_lcd.o(.text)
    ILI9341_SetPointPixel                    0x08002b59   Thumb Code    42  bsp_ili9341_lcd.o(.text)
    ILI9341_GetPointPixel                    0x08002bb5   Thumb Code    24  bsp_ili9341_lcd.o(.text)
    ILI9341_DrawLine                         0x08002bcd   Thumb Code   160  bsp_ili9341_lcd.o(.text)
    ILI9341_DrawRectangle                    0x08002c6d   Thumb Code   132  bsp_ili9341_lcd.o(.text)
    ILI9341_DrawCircle                       0x08002cf1   Thumb Code   312  bsp_ili9341_lcd.o(.text)
    ILI9341_DispChar_EN                      0x08002e29   Thumb Code   138  bsp_ili9341_lcd.o(.text)
    ILI9341_DispStringLine_EN                0x08002eb3   Thumb Code    92  bsp_ili9341_lcd.o(.text)
    ILI9341_DispString_EN                    0x08002f0f   Thumb Code   118  bsp_ili9341_lcd.o(.text)
    ILI9341_DispString_EN_YDir               0x08002f85   Thumb Code    92  bsp_ili9341_lcd.o(.text)
    LCD_SetFont                              0x08002fe1   Thumb Code     6  bsp_ili9341_lcd.o(.text)
    LCD_GetFont                              0x08002fe7   Thumb Code     6  bsp_ili9341_lcd.o(.text)
    LCD_SetColors                            0x08002fed   Thumb Code    10  bsp_ili9341_lcd.o(.text)
    LCD_GetColors                            0x08002ff7   Thumb Code    14  bsp_ili9341_lcd.o(.text)
    LCD_SetTextColor                         0x08003005   Thumb Code     6  bsp_ili9341_lcd.o(.text)
    LCD_SetBackColor                         0x0800300b   Thumb Code     6  bsp_ili9341_lcd.o(.text)
    LCD_ClearLine                            0x08003011   Thumb Code    26  bsp_ili9341_lcd.o(.text)
    Chinese_Show                             0x0800302b   Thumb Code  1438  bsp_ili9341_lcd.o(.text)
    USART_Config                             0x080035d9   Thumb Code   120  bsp_usart.o(.text)
    fputc                                    0x08003651   Thumb Code    32  bsp_usart.o(.text)
    fgetc                                    0x08003671   Thumb Code    26  bsp_usart.o(.text)
    BLT_USART_Config                         0x080036bb   Thumb Code   140  bsp_usart_blt.o(.text)
    Usart_SendStr_length                     0x08003765   Thumb Code    32  bsp_usart_blt.o(.text)
    Usart_SendString                         0x08003785   Thumb Code    28  bsp_usart_blt.o(.text)
    get_rebuff                               0x080037a1   Thumb Code    12  bsp_usart_blt.o(.text)
    clean_rebuff                             0x080037ad   Thumb Code    30  bsp_usart_blt.o(.text)
    CPU_TS_TmrInit                           0x080037dd   Thumb Code    30  core_delay.o(.text)
    CPU_TS_TmrRd                             0x080037fb   Thumb Code     6  core_delay.o(.text)
    CPU_TS_Tmr_Delay_US                      0x08003801   Thumb Code    72  core_delay.o(.text)
    __aeabi_memset                           0x08003859   Thumb Code    14  memseta.o(.text)
    __aeabi_memset4                          0x08003859   Thumb Code     0  memseta.o(.text)
    __aeabi_memset8                          0x08003859   Thumb Code     0  memseta.o(.text)
    __aeabi_memclr                           0x08003867   Thumb Code     4  memseta.o(.text)
    __aeabi_memclr4                          0x08003867   Thumb Code     0  memseta.o(.text)
    __aeabi_memclr8                          0x08003867   Thumb Code     0  memseta.o(.text)
    _memset$wrapper                          0x0800386b   Thumb Code    18  memseta.o(.text)
    strstr                                   0x0800387d   Thumb Code    36  strstr.o(.text)
    strchr                                   0x080038a1   Thumb Code    20  strchr.o(.text)
    strlen                                   0x080038b5   Thumb Code    14  strlen.o(.text)
    strcmp                                   0x080038c3   Thumb Code    28  strcmp.o(.text)
    strcpy                                   0x080038df   Thumb Code    18  strcpy.o(.text)
    strncmp                                  0x080038f1   Thumb Code    30  strncmp.o(.text)
    __aeabi_uidiv                            0x0800390f   Thumb Code     0  uidiv.o(.text)
    __aeabi_uidivmod                         0x0800390f   Thumb Code    44  uidiv.o(.text)
    __scatterload                            0x0800393d   Thumb Code    28  init.o(.text)
    __scatterload_rt2                        0x0800393d   Thumb Code     0  init.o(.text)
    __decompress                             0x08003961   Thumb Code     0  __dclz77c.o(.text)
    __decompress2                            0x08003961   Thumb Code    94  __dclz77c.o(.text)
    ILI9341_Read_Data                        0x080039c1   Thumb Code     6  bsp_ili9341_lcd.o(i.ILI9341_Read_Data)
    ILI9341_Write_Cmd                        0x080039cd   Thumb Code     8  bsp_ili9341_lcd.o(i.ILI9341_Write_Cmd)
    ILI9341_Write_Data                       0x080039d5   Thumb Code     6  bsp_ili9341_lcd.o(i.ILI9341_Write_Data)
    __0printf$3                              0x080039e1   Thumb Code    22  printf3.o(i.__0printf$3)
    __1printf$3                              0x080039e1   Thumb Code     0  printf3.o(i.__0printf$3)
    __2printf                                0x080039e1   Thumb Code     0  printf3.o(i.__0printf$3)
    __0sprintf$3                             0x08003a01   Thumb Code    34  printf3.o(i.__0sprintf$3)
    __1sprintf$3                             0x08003a01   Thumb Code     0  printf3.o(i.__0sprintf$3)
    __2sprintf                               0x08003a01   Thumb Code     0  printf3.o(i.__0sprintf$3)
    __scatterload_copy                       0x08003a29   Thumb Code    14  handlers.o(i.__scatterload_copy)
    __scatterload_null                       0x08003a37   Thumb Code     2  handlers.o(i.__scatterload_null)
    __scatterload_zeroinit                   0x08003a39   Thumb Code    14  handlers.o(i.__scatterload_zeroinit)
    ASCII8x16_Table                          0x08003c0a   Data        1520  fonts.o(.constdata)
    ASCII16x24_Table                         0x080041fa   Data        4560  fonts.o(.constdata)
    ASCII24x32_Table                         0x080053ca   Data        9120  fonts.o(.constdata)
    Region$$Table$$Base                      0x0800785c   Number         0  anon$$obj.o(Region$$Table)
    Region$$Table$$Limit                     0x0800787c   Number         0  anon$$obj.o(Region$$Table)
    SystemCoreClock                          0x20000000   Data           4  system_stm32f10x.o(.data)
    AHBPrescTable                            0x20000004   Data          16  system_stm32f10x.o(.data)
    letters1                                 0x20000028   Data        1600  main.o(.data)
    size1                                    0x20000668   Data           4  main.o(.data)
    letters2                                 0x2000066c   Data        1600  main.o(.data)
    size2                                    0x20000cac   Data           4  main.o(.data)
    letters3                                 0x20000cb0   Data        1600  main.o(.data)
    size3                                    0x200012f0   Data           4  main.o(.data)
    letters4                                 0x200012f4   Data        1600  main.o(.data)
    size4                                    0x20001934   Data           4  main.o(.data)
    letters5                                 0x20001938   Data        1600  main.o(.data)
    size5                                    0x20001f78   Data           4  main.o(.data)
    letters6                                 0x20001f7c   Data        1600  main.o(.data)
    size6                                    0x200025bc   Data           4  main.o(.data)
    hc05_role                                0x200025c0   Data           1  main.o(.data)
    hc05_mode                                0x200025c1   Data          10  main.o(.data)
    hc05_name                                0x200025cb   Data          30  main.o(.data)
    linkhint                                 0x200025ec   Data           4  main.o(.data)
    linkhint_en                              0x200025f0   Data           4  main.o(.data)
    letters                                  0x200025f4   Data           4  main.o(.data)
    size                                     0x200025f8   Data           4  main.o(.data)
    Task_Delay_Group                         0x20002600   Data           8  stm32f10x_it.o(.data)
    hc05_inquery_connect                     0x20002608   Data           4  stm32f10x_it.o(.data)
    hc05_check_recvbuff                      0x2000260c   Data           4  stm32f10x_it.o(.data)
    LCD_X_LENGTH                             0x20002610   Data           2  bsp_ili9341_lcd.o(.data)
    LCD_Y_LENGTH                             0x20002612   Data           2  bsp_ili9341_lcd.o(.data)
    LCD_SCAN_MODE                            0x20002614   Data           1  bsp_ili9341_lcd.o(.data)
    lcdid                                    0x20002616   Data           2  bsp_ili9341_lcd.o(.data)
    current_col                              0x20002620   Data           2  bsp_ili9341_lcd.o(.data)
    mode                                     0x20002622   Data           1  bsp_ili9341_lcd.o(.data)
    col_num                                  0x20002623   Data           1  bsp_ili9341_lcd.o(.data)
    Font8x16                                 0x20002624   Data           8  fonts.o(.data)
    Font16x24                                0x2000262c   Data           8  fonts.o(.data)
    Font24x32                                0x20002634   Data           8  fonts.o(.data)
    uart_p                                   0x2000263c   Data           2  bsp_usart_blt.o(.data)
    __stdout                                 0x20002640   Data           4  stdout.o(.data)
    sendData                                 0x20002644   Data        1024  main.o(.bss)
    linebuff                                 0x20002a44   Data        1024  main.o(.bss)
    hc05_nameCMD                             0x20002e44   Data          40  main.o(.bss)
    disp_buff                                0x20002e6c   Data         200  main.o(.bss)
    bltDevList                               0x20002f34   Data        1001  bsp_hc05.o(.bss)
    uart_buff                                0x2000331d   Data        1024  bsp_usart_blt.o(.bss)
    __initial_sp                             0x20004720   Data           0  startup_stm32f10x_hd.o(STACK)



==============================================================================

Memory Map of the image

  Image Entry point : 0x08000131

  Load Region LR_IROM1 (Base: 0x08000000, Size: 0x00009ec0, Max: 0x00080000, ABSOLUTE, COMPRESSED[0x000083b8])

    Execution Region ER_IROM1 (Base: 0x08000000, Size: 0x0000787c, Max: 0x00080000, ABSOLUTE)

    Base Addr    Size         Type   Attr      Idx    E Section Name        Object

    0x08000000   0x00000130   Data   RO            3    RESET               startup_stm32f10x_hd.o
    0x08000130   0x00000000   Code   RO          642  * .ARM.Collect$$$$00000000  mc_w.l(entry.o)
    0x08000130   0x00000004   Code   RO          920    .ARM.Collect$$$$00000001  mc_w.l(entry2.o)
    0x08000134   0x00000004   Code   RO          923    .ARM.Collect$$$$00000004  mc_w.l(entry5.o)
    0x08000138   0x00000000   Code   RO          925    .ARM.Collect$$$$00000008  mc_w.l(entry7b.o)
    0x08000138   0x00000000   Code   RO          927    .ARM.Collect$$$$0000000A  mc_w.l(entry8b.o)
    0x08000138   0x00000008   Code   RO          928    .ARM.Collect$$$$0000000B  mc_w.l(entry9a.o)
    0x08000140   0x00000000   Code   RO          930    .ARM.Collect$$$$0000000D  mc_w.l(entry10a.o)
    0x08000140   0x00000000   Code   RO          932    .ARM.Collect$$$$0000000F  mc_w.l(entry11a.o)
    0x08000140   0x00000004   Code   RO          921    .ARM.Collect$$$$00002712  mc_w.l(entry2.o)
    0x08000144   0x00000024   Code   RO            4    .text               startup_stm32f10x_hd.o
    0x08000168   0x000001e0   Code   RO           24    .text               system_stm32f10x.o
    0x08000348   0x000000dc   Code   RO          121    .text               misc.o
    0x08000424   0x0000060c   Code   RO          257    .text               stm32f10x_fsmc.o
    0x08000a30   0x0000035c   Code   RO          269    .text               stm32f10x_gpio.o
    0x08000d8c   0x000003a4   Code   RO          317    .text               stm32f10x_rcc.o
    0x08001130   0x00000408   Code   RO          379    .text               stm32f10x_usart.o
    0x08001538   0x000003d0   Code   RO          403    .text               main.o
    0x08001908   0x000000b8   Code   RO          462    .text               stm32f10x_it.o
    0x080019c0   0x00000078   Code   RO          481    .text               bsp_systick.o
    0x08001a38   0x00000844   Code   RO          497    .text               bsp_hc05.o
    0x0800227c   0x0000135c   Code   RO          540    .text               bsp_ili9341_lcd.o
    0x080035d8   0x000000bc   Code   RO          595    .text               bsp_usart.o
    0x08003694   0x00000148   Code   RO          607    .text               bsp_usart_blt.o
    0x080037dc   0x0000007c   Code   RO          630    .text               core_delay.o
    0x08003858   0x00000024   Code   RO          645    .text               mc_w.l(memseta.o)
    0x0800387c   0x00000024   Code   RO          647    .text               mc_w.l(strstr.o)
    0x080038a0   0x00000014   Code   RO          649    .text               mc_w.l(strchr.o)
    0x080038b4   0x0000000e   Code   RO          651    .text               mc_w.l(strlen.o)
    0x080038c2   0x0000001c   Code   RO          653    .text               mc_w.l(strcmp.o)
    0x080038de   0x00000012   Code   RO          655    .text               mc_w.l(strcpy.o)
    0x080038f0   0x0000001e   Code   RO          657    .text               mc_w.l(strncmp.o)
    0x0800390e   0x0000002c   Code   RO          935    .text               mc_w.l(uidiv.o)
    0x0800393a   0x00000002   PAD
    0x0800393c   0x00000024   Code   RO          950    .text               mc_w.l(init.o)
    0x08003960   0x0000005e   Code   RO          968    .text               mc_w.l(__dclz77c.o)
    0x080039be   0x00000002   PAD
    0x080039c0   0x0000000c   Code   RO          562    i.ILI9341_Read_Data  bsp_ili9341_lcd.o
    0x080039cc   0x00000008   Code   RO          552    i.ILI9341_Write_Cmd  bsp_ili9341_lcd.o
    0x080039d4   0x0000000c   Code   RO          557    i.ILI9341_Write_Data  bsp_ili9341_lcd.o
    0x080039e0   0x00000020   Code   RO          748    i.__0printf$3       mc_w.l(printf3.o)
    0x08003a00   0x00000028   Code   RO          750    i.__0sprintf$3      mc_w.l(printf3.o)
    0x08003a28   0x0000000e   Code   RO          962    i.__scatterload_copy  mc_w.l(handlers.o)
    0x08003a36   0x00000002   Code   RO          963    i.__scatterload_null  mc_w.l(handlers.o)
    0x08003a38   0x0000000e   Code   RO          964    i.__scatterload_zeroinit  mc_w.l(handlers.o)
    0x08003a46   0x00000002   PAD
    0x08003a48   0x000001b8   Code   RO          755    i._printf_core      mc_w.l(printf3.o)
    0x08003c00   0x0000000a   Code   RO          757    i._sputc            mc_w.l(printf3.o)
    0x08003c0a   0x00003b60   Data   RO          582    .constdata          fonts.o
    0x0800776a   0x00000002   PAD
    0x0800776c   0x000000a5   Data   RO          405    .conststring        main.o
    0x08007811   0x00000003   PAD
    0x08007814   0x00000048   Data   RO          499    .conststring        bsp_hc05.o
    0x0800785c   0x00000020   Data   RO          960    Region$$Table       anon$$obj.o


    Execution Region RW_IRAM1 (Base: 0x20000000, Size: 0x00004720, Max: 0x00010000, ABSOLUTE, COMPRESSED[0x00000b3c])

    Base Addr    Size         Type   Attr      Idx    E Section Name        Object

    0x20000000   0x00000014   Data   RW           25    .data               system_stm32f10x.o
    0x20000014   0x00000014   Data   RW          318    .data               stm32f10x_rcc.o
    0x20000028   0x000025d5   Data   RW          406    .data               main.o
    0x200025fd   0x00000003   PAD
    0x20002600   0x00000010   Data   RW          463    .data               stm32f10x_it.o
    0x20002610   0x00000014   Data   RW          541    .data               bsp_ili9341_lcd.o
    0x20002624   0x00000018   Data   RW          583    .data               fonts.o
    0x2000263c   0x00000002   Data   RW          609    .data               bsp_usart_blt.o
    0x2000263e   0x00000002   PAD
    0x20002640   0x00000004   Data   RW          934    .data               mc_w.l(stdout.o)
    0x20002644   0x000008f0   Zero   RW          404    .bss                main.o
    0x20002f34   0x000003e9   Zero   RW          498    .bss                bsp_hc05.o
    0x2000331d   0x00000400   Zero   RW          608    .bss                bsp_usart_blt.o
    0x2000371d   0x00000003   PAD
    0x20003720   0x00001000   Zero   RW            1    STACK               startup_stm32f10x_hd.o


==============================================================================

Image component sizes


      Code (inc. data)   RO Data    RW Data    ZI Data      Debug   Object Name

      2116        668         72          0       1001       6413   bsp_hc05.o
      4988        132          0         20          0      13588   bsp_ili9341_lcd.o
       120         14          0          0          0      15802   bsp_systick.o
       188         10          0          0          0        979   bsp_usart.o
       328         18          0          2       1024       2524   bsp_usart_blt.o
         0          0          0          0          0       4520   core_cm3.o
       124         16          0          0          0        938   core_delay.o
         0          0      15200         24          0       1281   fonts.o
       976        438        165       9685       2288       5336   main.o
       220         22          0          0          0       1805   misc.o
        36          8        304          0       4096        860   startup_stm32f10x_hd.o
      1548         18          0          0          0       5347   stm32f10x_fsmc.o
       860         38          0          0          0       5645   stm32f10x_gpio.o
       184         26          0         16          0       2435   stm32f10x_it.o
       932         36          0         20          0       8812   stm32f10x_rcc.o
      1032         22          0          0          0       8376   stm32f10x_usart.o
       480         38          0         20          0     237815   system_stm32f10x.o

    ----------------------------------------------------------------------
     14132       1504      15778       9792       8412     322476   Object Totals
         0          0         32          0          0          0   (incl. Generated)
         0          0          5          5          3          0   (incl. Padding)

    ----------------------------------------------------------------------

      Code (inc. data)   RO Data    RW Data    ZI Data      Debug   Library Member Name

        94          0          0          0          0          0   __dclz77c.o
         0          0          0          0          0          0   entry.o
         0          0          0          0          0          0   entry10a.o
         0          0          0          0          0          0   entry11a.o
         8          4          0          0          0          0   entry2.o
         4          0          0          0          0          0   entry5.o
         0          0          0          0          0          0   entry7b.o
         0          0          0          0          0          0   entry8b.o
         8          4          0          0          0          0   entry9a.o
        30          0          0          0          0          0   handlers.o
        36          8          0          0          0         68   init.o
        36          0          0          0          0        108   memseta.o
       522         20          0          0          0        336   printf3.o
         0          0          0          4          0          0   stdout.o
        20          0          0          0          0         68   strchr.o
        28          0          0          0          0         76   strcmp.o
        18          0          0          0          0         68   strcpy.o
        14          0          0          0          0         68   strlen.o
        30          0          0          0          0         80   strncmp.o
        36          0          0          0          0         80   strstr.o
        44          0          0          0          0         80   uidiv.o

    ----------------------------------------------------------------------
       934         36          0          4          0       1032   Library Totals
         6          0          0          0          0          0   (incl. Padding)

    ----------------------------------------------------------------------

      Code (inc. data)   RO Data    RW Data    ZI Data      Debug   Library Name

       928         36          0          4          0       1032   mc_w.l

    ----------------------------------------------------------------------
       934         36          0          4          0       1032   Library Totals

    ----------------------------------------------------------------------

==============================================================================


      Code (inc. data)   RO Data    RW Data    ZI Data      Debug   

     15066       1540      15778       9796       8412     321660   Grand Totals
     15066       1540      15778       2876       8412     321660   ELF Image Totals (compressed)
     15066       1540      15778       2876          0          0   ROM Totals

==============================================================================

    Total RO  Size (Code + RO Data)                30844 (  30.12kB)
    Total RW  Size (RW Data + ZI Data)             18208 (  17.78kB)
    Total ROM Size (Code + RO Data + RW Data)      33720 (  32.93kB)

==============================================================================

